
Memory Configuration

Name             Origin             Length             Attributes
*default*        0x00000000         0xffffffff

Linker script and memory map

LOAD C:\Documents and Settings\koprivecromana\Desktop\Lbos\project\Debug\irq.o
LOAD C:\Documents and Settings\koprivecromana\Desktop\Lbos\project\Debug\main.o
LOAD C:\Documents and Settings\koprivecromana\Desktop\Lbos\project\Debug\syscall.o
LOAD C:\Documents and Settings\koprivecromana\Desktop\Lbos\project\Debug\vectors.o
LOAD C:\Documents and Settings\koprivecromana\Desktop\Lbos\project\Debug\sched.o
LOAD C:\Documents and Settings\koprivecromana\Desktop\Lbos\project\Debug\printk.o
LOAD C:\Documents and Settings\koprivecromana\Desktop\Lbos\project\Debug\timers.o
LOAD C:\Documents and Settings\koprivecromana\Desktop\Lbos\project\Debug\debugger.o
LOAD C:\Documents and Settings\koprivecromana\Desktop\Lbos\project\Debug\memory.o
LOAD C:\Documents and Settings\koprivecromana\Desktop\Lbos\project\Debug\mmc.o
LOAD C:\Documents and Settings\koprivecromana\Desktop\Lbos\project\Debug\io.o
LOAD C:\Documents and Settings\koprivecromana\Desktop\Lbos\project\Debug\panic.o
LOAD C:\Documents and Settings\koprivecromana\Desktop\Lbos\project\Debug\vsprintf.o
LOAD C:\Documents and Settings\koprivecromana\Desktop\Lbos\project\Debug\string.o
LOAD C:\Documents and Settings\koprivecromana\Desktop\Lbos\project\Debug\vm.o
LOAD C:\Documents and Settings\koprivecromana\Desktop\Lbos\project\Debug\msgtest.o
LOAD C:\Documents and Settings\koprivecromana\Desktop\Lbos\project\Debug\iotest.o
LOAD C:\Documents and Settings\koprivecromana\Desktop\Lbos\project\Debug\vmtest.o
LOAD C:\Documents and Settings\koprivecromana\Desktop\Lbos\project\Debug\dummy.o
LOAD C:\Documents and Settings\koprivecromana\Desktop\Lbos\project\Debug\task1.o
LOAD C:\Documents and Settings\koprivecromana\Desktop\Lbos\project\Debug\task2.o
LOAD C:\Documents and Settings\koprivecromana\Desktop\Lbos\project\Debug\task3.o
LOAD C:\Documents and Settings\koprivecromana\Desktop\Lbos\project\Debug\task4.o
LOAD C:\Documents and Settings\koprivecromana\Desktop\Lbos\project\Debug\task5.o
                0x00000000                __VECTORS_START__ = 0x0
                0x20000000                __TEXT_START__ = 0x20000000
                0x20080000                __DATA_START__ = 0x20080000
                0x20180000                __STACK_END__ = 0x20180000
                0x20200000                __TASKS_START__ = 0x20200000
                0x30000000                __TASKS_VM__ = 0x30000000
                0x22000000                __RAM_END__ = 0x22000000

.vecs           0x00000000       0x38
 *vectors.o(.text)
 .text          0x00000000       0x38 C:\Documents and Settings\koprivecromana\Desktop\Lbos\project\Debug\vectors.o

.text           0x20000000     0x1f14
 *(EXCLUDE_FILE(*vectors.o) .text)
 .text          0x20000000       0xb8 C:\Documents and Settings\koprivecromana\Desktop\Lbos\project\Debug\irq.o
                0x20000000                spu_irq_handler
                0x200000a8                irq_restore
                0x20000090                irq_disable
                0x20000014                sys_irq_handler
 .text          0x200000b8      0x3bc C:\Documents and Settings\koprivecromana\Desktop\Lbos\project\Debug\main.o
                0x200000b8                start
 .text          0x20000474      0x378 C:\Documents and Settings\koprivecromana\Desktop\Lbos\project\Debug\syscall.o
                0x20000474                syscall_handler
                0x200004c0                svc_newtask
 .text          0x200007ec      0x210 C:\Documents and Settings\koprivecromana\Desktop\Lbos\project\Debug\sched.o
                0x20000918                prio_dispatch
                0x200007ec                dispatch
                0x20000828                wrr_dispatch
 .text          0x200009fc       0x60 C:\Documents and Settings\koprivecromana\Desktop\Lbos\project\Debug\printk.o
                0x200009fc                printk
 .text          0x20000a5c      0x11c C:\Documents and Settings\koprivecromana\Desktop\Lbos\project\Debug\timers.o
                0x20000ad4                register_timer
                0x20000a5c                timer_irq_handler
 .text          0x20000b78      0x18c C:\Documents and Settings\koprivecromana\Desktop\Lbos\project\Debug\debugger.o
                0x20000c38                debugger_fiqir
                0x20000bd8                debugger_dabrt
                0x20000c08                debugger_resvt
                0x20000ba8                debugger_abort
                0x20000b78                debugger_undef
 .text          0x20000d04      0x1d4 C:\Documents and Settings\koprivecromana\Desktop\Lbos\project\Debug\memory.o
                0x20000e3c                mm_alloc_block
                0x20000d28                mm_alloc_page
                0x20000dc4                mm_free_page
                0x20000d04                mm_init
 .text          0x20000ed8      0x720 C:\Documents and Settings\koprivecromana\Desktop\Lbos\project\Debug\mmc.o
                0x2000126c                mmc_write_block
                0x20000ed8                mmc_init
                0x20001158                mmc_read_block
 .text          0x200015f8      0x250 C:\Documents and Settings\koprivecromana\Desktop\Lbos\project\Debug\io.o
                0x200015f8                io_dispatch
                0x20001734                io_queue_request
                0x200017b0                io_finish_request
 .text          0x20001848       0x20 C:\Documents and Settings\koprivecromana\Desktop\Lbos\project\Debug\panic.o
                0x20001848                panic
 .text          0x20001868      0x150 C:\Documents and Settings\koprivecromana\Desktop\Lbos\project\Debug\vsprintf.o
                0x20001868                vsprintf
 .text          0x200019b8       0x78 C:\Documents and Settings\koprivecromana\Desktop\Lbos\project\Debug\string.o
                0x200019b8                memcpy
                0x200019e4                memcmp
                0x200019d0                memset
                0x20001a10                strlen
 .text          0x20001a30      0x4e4 C:\Documents and Settings\koprivecromana\Desktop\Lbos\project\Debug\vm.o
                0x20001cf8                vm_prepare_task_ttb
                0x20001df8                vm_abort_handler
                0x20001c28                vm_get_phyaddr
                0x20001d38                vm_switch_ttb
                0x20001bdc                vm_map_region
                0x20001d84                vm_init
                0x20001a30                vm_alloc_translation_table
 .text          0x20001f14        0x0 C:\Documents and Settings\koprivecromana\Desktop\Lbos\project\Debug\msgtest.o
 .text          0x20001f14        0x0 C:\Documents and Settings\koprivecromana\Desktop\Lbos\project\Debug\iotest.o
 .text          0x20001f14        0x0 C:\Documents and Settings\koprivecromana\Desktop\Lbos\project\Debug\vmtest.o
 .text          0x20001f14        0x0 C:\Documents and Settings\koprivecromana\Desktop\Lbos\project\Debug\dummy.o
 .text          0x20001f14        0x0 C:\Documents and Settings\koprivecromana\Desktop\Lbos\project\Debug\task1.o
 .text          0x20001f14        0x0 C:\Documents and Settings\koprivecromana\Desktop\Lbos\project\Debug\task2.o
 .text          0x20001f14        0x0 C:\Documents and Settings\koprivecromana\Desktop\Lbos\project\Debug\task3.o
 .text          0x20001f14        0x0 C:\Documents and Settings\koprivecromana\Desktop\Lbos\project\Debug\task4.o
 .text          0x20001f14        0x0 C:\Documents and Settings\koprivecromana\Desktop\Lbos\project\Debug\task5.o
                0x20001f14                PROVIDE (__etext, .)

.glue_7         0x20001f14        0x0
 .glue_7        0x20001f14        0x0 C:\Documents and Settings\koprivecromana\Desktop\Lbos\project\Debug\irq.o
 .glue_7        0x20001f14        0x0 C:\Documents and Settings\koprivecromana\Desktop\Lbos\project\Debug\main.o
 .glue_7        0x20001f14        0x0 C:\Documents and Settings\koprivecromana\Desktop\Lbos\project\Debug\syscall.o
 .glue_7        0x20001f14        0x0 C:\Documents and Settings\koprivecromana\Desktop\Lbos\project\Debug\vectors.o
 .glue_7        0x20001f14        0x0 C:\Documents and Settings\koprivecromana\Desktop\Lbos\project\Debug\sched.o
 .glue_7        0x20001f14        0x0 C:\Documents and Settings\koprivecromana\Desktop\Lbos\project\Debug\printk.o
 .glue_7        0x20001f14        0x0 C:\Documents and Settings\koprivecromana\Desktop\Lbos\project\Debug\timers.o
 .glue_7        0x20001f14        0x0 C:\Documents and Settings\koprivecromana\Desktop\Lbos\project\Debug\debugger.o
 .glue_7        0x20001f14        0x0 C:\Documents and Settings\koprivecromana\Desktop\Lbos\project\Debug\memory.o
 .glue_7        0x20001f14        0x0 C:\Documents and Settings\koprivecromana\Desktop\Lbos\project\Debug\mmc.o
 .glue_7        0x20001f14        0x0 C:\Documents and Settings\koprivecromana\Desktop\Lbos\project\Debug\io.o
 .glue_7        0x20001f14        0x0 C:\Documents and Settings\koprivecromana\Desktop\Lbos\project\Debug\panic.o
 .glue_7        0x20001f14        0x0 C:\Documents and Settings\koprivecromana\Desktop\Lbos\project\Debug\vsprintf.o
 .glue_7        0x20001f14        0x0 C:\Documents and Settings\koprivecromana\Desktop\Lbos\project\Debug\string.o
 .glue_7        0x20001f14        0x0 C:\Documents and Settings\koprivecromana\Desktop\Lbos\project\Debug\vm.o
 .glue_7        0x20001f14        0x0 C:\Documents and Settings\koprivecromana\Desktop\Lbos\project\Debug\msgtest.o
 .glue_7        0x20001f14        0x0 C:\Documents and Settings\koprivecromana\Desktop\Lbos\project\Debug\iotest.o
 .glue_7        0x20001f14        0x0 C:\Documents and Settings\koprivecromana\Desktop\Lbos\project\Debug\vmtest.o
 .glue_7        0x20001f14        0x0 C:\Documents and Settings\koprivecromana\Desktop\Lbos\project\Debug\dummy.o
 .glue_7        0x20001f14        0x0 C:\Documents and Settings\koprivecromana\Desktop\Lbos\project\Debug\task1.o
 .glue_7        0x20001f14        0x0 C:\Documents and Settings\koprivecromana\Desktop\Lbos\project\Debug\task2.o
 .glue_7        0x20001f14        0x0 C:\Documents and Settings\koprivecromana\Desktop\Lbos\project\Debug\task3.o
 .glue_7        0x20001f14        0x0 C:\Documents and Settings\koprivecromana\Desktop\Lbos\project\Debug\task4.o
 .glue_7        0x20001f14        0x0 C:\Documents and Settings\koprivecromana\Desktop\Lbos\project\Debug\task5.o

.glue_7t        0x20001f14        0x0
 .glue_7t       0x20001f14        0x0 C:\Documents and Settings\koprivecromana\Desktop\Lbos\project\Debug\irq.o
 .glue_7t       0x20001f14        0x0 C:\Documents and Settings\koprivecromana\Desktop\Lbos\project\Debug\main.o
 .glue_7t       0x20001f14        0x0 C:\Documents and Settings\koprivecromana\Desktop\Lbos\project\Debug\syscall.o
 .glue_7t       0x20001f14        0x0 C:\Documents and Settings\koprivecromana\Desktop\Lbos\project\Debug\vectors.o
 .glue_7t       0x20001f14        0x0 C:\Documents and Settings\koprivecromana\Desktop\Lbos\project\Debug\sched.o
 .glue_7t       0x20001f14        0x0 C:\Documents and Settings\koprivecromana\Desktop\Lbos\project\Debug\printk.o
 .glue_7t       0x20001f14        0x0 C:\Documents and Settings\koprivecromana\Desktop\Lbos\project\Debug\timers.o
 .glue_7t       0x20001f14        0x0 C:\Documents and Settings\koprivecromana\Desktop\Lbos\project\Debug\debugger.o
 .glue_7t       0x20001f14        0x0 C:\Documents and Settings\koprivecromana\Desktop\Lbos\project\Debug\memory.o
 .glue_7t       0x20001f14        0x0 C:\Documents and Settings\koprivecromana\Desktop\Lbos\project\Debug\mmc.o
 .glue_7t       0x20001f14        0x0 C:\Documents and Settings\koprivecromana\Desktop\Lbos\project\Debug\io.o
 .glue_7t       0x20001f14        0x0 C:\Documents and Settings\koprivecromana\Desktop\Lbos\project\Debug\panic.o
 .glue_7t       0x20001f14        0x0 C:\Documents and Settings\koprivecromana\Desktop\Lbos\project\Debug\vsprintf.o
 .glue_7t       0x20001f14        0x0 C:\Documents and Settings\koprivecromana\Desktop\Lbos\project\Debug\string.o
 .glue_7t       0x20001f14        0x0 C:\Documents and Settings\koprivecromana\Desktop\Lbos\project\Debug\vm.o
 .glue_7t       0x20001f14        0x0 C:\Documents and Settings\koprivecromana\Desktop\Lbos\project\Debug\msgtest.o
 .glue_7t       0x20001f14        0x0 C:\Documents and Settings\koprivecromana\Desktop\Lbos\project\Debug\iotest.o
 .glue_7t       0x20001f14        0x0 C:\Documents and Settings\koprivecromana\Desktop\Lbos\project\Debug\vmtest.o
 .glue_7t       0x20001f14        0x0 C:\Documents and Settings\koprivecromana\Desktop\Lbos\project\Debug\dummy.o
 .glue_7t       0x20001f14        0x0 C:\Documents and Settings\koprivecromana\Desktop\Lbos\project\Debug\task1.o
 .glue_7t       0x20001f14        0x0 C:\Documents and Settings\koprivecromana\Desktop\Lbos\project\Debug\task2.o
 .glue_7t       0x20001f14        0x0 C:\Documents and Settings\koprivecromana\Desktop\Lbos\project\Debug\task3.o
 .glue_7t       0x20001f14        0x0 C:\Documents and Settings\koprivecromana\Desktop\Lbos\project\Debug\task4.o
 .glue_7t       0x20001f14        0x0 C:\Documents and Settings\koprivecromana\Desktop\Lbos\project\Debug\task5.o

.vfp11_veneer   0x20001f14        0x0
 .vfp11_veneer  0x20001f14        0x0 C:\Documents and Settings\koprivecromana\Desktop\Lbos\project\Debug\irq.o
 .vfp11_veneer  0x20001f14        0x0 C:\Documents and Settings\koprivecromana\Desktop\Lbos\project\Debug\main.o
 .vfp11_veneer  0x20001f14        0x0 C:\Documents and Settings\koprivecromana\Desktop\Lbos\project\Debug\syscall.o
 .vfp11_veneer  0x20001f14        0x0 C:\Documents and Settings\koprivecromana\Desktop\Lbos\project\Debug\vectors.o
 .vfp11_veneer  0x20001f14        0x0 C:\Documents and Settings\koprivecromana\Desktop\Lbos\project\Debug\sched.o
 .vfp11_veneer  0x20001f14        0x0 C:\Documents and Settings\koprivecromana\Desktop\Lbos\project\Debug\printk.o
 .vfp11_veneer  0x20001f14        0x0 C:\Documents and Settings\koprivecromana\Desktop\Lbos\project\Debug\timers.o
 .vfp11_veneer  0x20001f14        0x0 C:\Documents and Settings\koprivecromana\Desktop\Lbos\project\Debug\debugger.o
 .vfp11_veneer  0x20001f14        0x0 C:\Documents and Settings\koprivecromana\Desktop\Lbos\project\Debug\memory.o
 .vfp11_veneer  0x20001f14        0x0 C:\Documents and Settings\koprivecromana\Desktop\Lbos\project\Debug\mmc.o
 .vfp11_veneer  0x20001f14        0x0 C:\Documents and Settings\koprivecromana\Desktop\Lbos\project\Debug\io.o
 .vfp11_veneer  0x20001f14        0x0 C:\Documents and Settings\koprivecromana\Desktop\Lbos\project\Debug\panic.o
 .vfp11_veneer  0x20001f14        0x0 C:\Documents and Settings\koprivecromana\Desktop\Lbos\project\Debug\vsprintf.o
 .vfp11_veneer  0x20001f14        0x0 C:\Documents and Settings\koprivecromana\Desktop\Lbos\project\Debug\string.o
 .vfp11_veneer  0x20001f14        0x0 C:\Documents and Settings\koprivecromana\Desktop\Lbos\project\Debug\vm.o
 .vfp11_veneer  0x20001f14        0x0 C:\Documents and Settings\koprivecromana\Desktop\Lbos\project\Debug\msgtest.o
 .vfp11_veneer  0x20001f14        0x0 C:\Documents and Settings\koprivecromana\Desktop\Lbos\project\Debug\iotest.o
 .vfp11_veneer  0x20001f14        0x0 C:\Documents and Settings\koprivecromana\Desktop\Lbos\project\Debug\vmtest.o
 .vfp11_veneer  0x20001f14        0x0 C:\Documents and Settings\koprivecromana\Desktop\Lbos\project\Debug\dummy.o
 .vfp11_veneer  0x20001f14        0x0 C:\Documents and Settings\koprivecromana\Desktop\Lbos\project\Debug\task1.o
 .vfp11_veneer  0x20001f14        0x0 C:\Documents and Settings\koprivecromana\Desktop\Lbos\project\Debug\task2.o
 .vfp11_veneer  0x20001f14        0x0 C:\Documents and Settings\koprivecromana\Desktop\Lbos\project\Debug\task3.o
 .vfp11_veneer  0x20001f14        0x0 C:\Documents and Settings\koprivecromana\Desktop\Lbos\project\Debug\task4.o
 .vfp11_veneer  0x20001f14        0x0 C:\Documents and Settings\koprivecromana\Desktop\Lbos\project\Debug\task5.o
                0x20001f14                . = ALIGN (0x1)
                0x20001f14                PROVIDE (__start_task_code, .)

task_code       0x20001f14      0x10c
 task_code      0x20001f14       0x54 C:\Documents and Settings\koprivecromana\Desktop\Lbos\project\Debug\msgtest.o
 task_code      0x20001f68       0x38 C:\Documents and Settings\koprivecromana\Desktop\Lbos\project\Debug\iotest.o
 task_code      0x20001fa0       0x18 C:\Documents and Settings\koprivecromana\Desktop\Lbos\project\Debug\vmtest.o
 task_code      0x20001fb8       0x68 C:\Documents and Settings\koprivecromana\Desktop\Lbos\project\Debug\dummy.o
                0x20002020                PROVIDE (__stop_task_code, .)

.rodata
 *(.rodata)
 *(.rodata.*)

.bss            0x20002020        0x0
 .bss           0x20002020        0x0 C:\Documents and Settings\koprivecromana\Desktop\Lbos\project\Debug\irq.o
 .bss           0x20002020        0x0 C:\Documents and Settings\koprivecromana\Desktop\Lbos\project\Debug\main.o
 .bss           0x20002020        0x0 C:\Documents and Settings\koprivecromana\Desktop\Lbos\project\Debug\syscall.o
 .bss           0x20002020        0x0 C:\Documents and Settings\koprivecromana\Desktop\Lbos\project\Debug\vectors.o
 .bss           0x20002020        0x0 C:\Documents and Settings\koprivecromana\Desktop\Lbos\project\Debug\sched.o
 .bss           0x20002020        0x0 C:\Documents and Settings\koprivecromana\Desktop\Lbos\project\Debug\printk.o
 .bss           0x20002020        0x0 C:\Documents and Settings\koprivecromana\Desktop\Lbos\project\Debug\timers.o
 .bss           0x20002020        0x0 C:\Documents and Settings\koprivecromana\Desktop\Lbos\project\Debug\debugger.o
 .bss           0x20002020        0x0 C:\Documents and Settings\koprivecromana\Desktop\Lbos\project\Debug\memory.o
 .bss           0x20002020        0x0 C:\Documents and Settings\koprivecromana\Desktop\Lbos\project\Debug\mmc.o
 .bss           0x20002020        0x0 C:\Documents and Settings\koprivecromana\Desktop\Lbos\project\Debug\io.o
 .bss           0x20002020        0x0 C:\Documents and Settings\koprivecromana\Desktop\Lbos\project\Debug\panic.o
 .bss           0x20002020        0x0 C:\Documents and Settings\koprivecromana\Desktop\Lbos\project\Debug\vsprintf.o
 .bss           0x20002020        0x0 C:\Documents and Settings\koprivecromana\Desktop\Lbos\project\Debug\string.o
 .bss           0x20002020        0x0 C:\Documents and Settings\koprivecromana\Desktop\Lbos\project\Debug\vm.o
 .bss           0x20002020        0x0 C:\Documents and Settings\koprivecromana\Desktop\Lbos\project\Debug\msgtest.o
 .bss           0x20002020        0x0 C:\Documents and Settings\koprivecromana\Desktop\Lbos\project\Debug\iotest.o
 .bss           0x20002020        0x0 C:\Documents and Settings\koprivecromana\Desktop\Lbos\project\Debug\vmtest.o
 .bss           0x20002020        0x0 C:\Documents and Settings\koprivecromana\Desktop\Lbos\project\Debug\dummy.o
 .bss           0x20002020        0x0 C:\Documents and Settings\koprivecromana\Desktop\Lbos\project\Debug\task1.o
 .bss           0x20002020        0x0 C:\Documents and Settings\koprivecromana\Desktop\Lbos\project\Debug\task2.o
 .bss           0x20002020        0x0 C:\Documents and Settings\koprivecromana\Desktop\Lbos\project\Debug\task3.o
 .bss           0x20002020        0x0 C:\Documents and Settings\koprivecromana\Desktop\Lbos\project\Debug\task4.o
 .bss           0x20002020        0x0 C:\Documents and Settings\koprivecromana\Desktop\Lbos\project\Debug\task5.o

.data           0x20080000      0xf88
 *(.data)
 .data          0x20080000        0x0 C:\Documents and Settings\koprivecromana\Desktop\Lbos\project\Debug\irq.o
 .data          0x20080000      0x524 C:\Documents and Settings\koprivecromana\Desktop\Lbos\project\Debug\main.o
                0x20080038                TASK2
                0x20080018                TASK1
                0x20080014                Q_LEFT
                0x20080008                TCBLIST
                0x200803dc                STACK_SUPM_END
                0x200801dc                CUR_JIFFIES
                0x200803d8                PAGEOFFSET
                0x200801d8                TIMERQUEUE
                0x20080004                TINDEX
                0x200800b8                TASKTAB
                0x200800cc                MCBAREA
                0x200801d4                TIMERFREE
                0x20080058                TASK3
                0x200801f8                PAGEBITMAP
                0x20080010                MCBLIST
                0x2008000c                CURRENT
 .data          0x20080524       0x28 C:\Documents and Settings\koprivecromana\Desktop\Lbos\project\Debug\syscall.o
 .data          0x2008054c        0x0 C:\Documents and Settings\koprivecromana\Desktop\Lbos\project\Debug\vectors.o
 .data          0x2008054c       0x32 C:\Documents and Settings\koprivecromana\Desktop\Lbos\project\Debug\sched.o
 *fill*         0x2008057e        0x2 00
 .data          0x20080580      0x604 C:\Documents and Settings\koprivecromana\Desktop\Lbos\project\Debug\printk.o
 .data          0x20080b84        0x0 C:\Documents and Settings\koprivecromana\Desktop\Lbos\project\Debug\timers.o
 .data          0x20080b84       0xf1 C:\Documents and Settings\koprivecromana\Desktop\Lbos\project\Debug\debugger.o
 *fill*         0x20080c75        0x3 00
 .data          0x20080c78        0x4 C:\Documents and Settings\koprivecromana\Desktop\Lbos\project\Debug\memory.o
 .data          0x20080c7c       0xe4 C:\Documents and Settings\koprivecromana\Desktop\Lbos\project\Debug\mmc.o
 .data          0x20080d60       0x90 C:\Documents and Settings\koprivecromana\Desktop\Lbos\project\Debug\io.o
 .data          0x20080df0       0x18 C:\Documents and Settings\koprivecromana\Desktop\Lbos\project\Debug\panic.o
 .data          0x20080e08        0x0 C:\Documents and Settings\koprivecromana\Desktop\Lbos\project\Debug\vsprintf.o
 .data          0x20080e08        0x0 C:\Documents and Settings\koprivecromana\Desktop\Lbos\project\Debug\string.o
 .data          0x20080e08      0x180 C:\Documents and Settings\koprivecromana\Desktop\Lbos\project\Debug\vm.o
 .data          0x20080f88        0x0 C:\Documents and Settings\koprivecromana\Desktop\Lbos\project\Debug\msgtest.o
 .data          0x20080f88        0x0 C:\Documents and Settings\koprivecromana\Desktop\Lbos\project\Debug\iotest.o
 .data          0x20080f88        0x0 C:\Documents and Settings\koprivecromana\Desktop\Lbos\project\Debug\vmtest.o
 .data          0x20080f88        0x0 C:\Documents and Settings\koprivecromana\Desktop\Lbos\project\Debug\dummy.o
 .data          0x20080f88        0x0 C:\Documents and Settings\koprivecromana\Desktop\Lbos\project\Debug\task1.o
 .data          0x20080f88        0x0 C:\Documents and Settings\koprivecromana\Desktop\Lbos\project\Debug\task2.o
 .data          0x20080f88        0x0 C:\Documents and Settings\koprivecromana\Desktop\Lbos\project\Debug\task3.o
 .data          0x20080f88        0x0 C:\Documents and Settings\koprivecromana\Desktop\Lbos\project\Debug\task4.o
 .data          0x20080f88        0x0 C:\Documents and Settings\koprivecromana\Desktop\Lbos\project\Debug\task5.o
 *(.data.*)
                0x20080f88                . = ALIGN (0x1)
                0x20080f88                PROVIDE (__start_task_data, .)

task_data       0x20080f88      0x806
 task_data      0x20080f88        0x0 C:\Documents and Settings\koprivecromana\Desktop\Lbos\project\Debug\msgtest.o
 task_data      0x20080f88      0x800 C:\Documents and Settings\koprivecromana\Desktop\Lbos\project\Debug\iotest.o
 task_data      0x20081788        0x0 C:\Documents and Settings\koprivecromana\Desktop\Lbos\project\Debug\vmtest.o
 task_data      0x20081788        0x6 C:\Documents and Settings\koprivecromana\Desktop\Lbos\project\Debug\dummy.o
                0x2008178e                PROVIDE (__stop_task_data, .)
                0x20081790                . = ALIGN (0x4)
                0x20081790                __DATA_END__ = .

.task1          0x30000000        0xc load address 0x20200000
 *task1.o(task_code)
 task_code      0x30000000        0xc C:\Documents and Settings\koprivecromana\Desktop\Lbos\project\Debug\task1.o
 *task1.o(task_data)
 task_data      0x3000000c        0x0 C:\Documents and Settings\koprivecromana\Desktop\Lbos\project\Debug\task1.o

.task2          0x30000000        0xc load address 0x20240000
 *task2.o(task_code)
 task_code      0x30000000        0xc C:\Documents and Settings\koprivecromana\Desktop\Lbos\project\Debug\task2.o
 *task2.o(task_data)
 task_data      0x3000000c        0x0 C:\Documents and Settings\koprivecromana\Desktop\Lbos\project\Debug\task2.o

.task3          0x30000000        0xc load address 0x20280000
 *task3.o(task_code)
 task_code      0x30000000        0x4 C:\Documents and Settings\koprivecromana\Desktop\Lbos\project\Debug\task3.o
 *task3.o(task_data)
 task_data      0x30000004        0x8 C:\Documents and Settings\koprivecromana\Desktop\Lbos\project\Debug\task3.o

.task4          0x30000000        0x8 load address 0x202c0000
 *task4.o(task_code)
 task_code      0x30000000        0x8 C:\Documents and Settings\koprivecromana\Desktop\Lbos\project\Debug\task4.o
 *task4.o(task_data)
 task_data      0x30000008        0x0 C:\Documents and Settings\koprivecromana\Desktop\Lbos\project\Debug\task4.o

.task5          0x30000000        0x4 load address 0x20300000
 *task5.o(task_code)
 task_code      0x30000000        0x4 C:\Documents and Settings\koprivecromana\Desktop\Lbos\project\Debug\task5.o
 *task5.o(task_data)
 task_data      0x30000004        0x0 C:\Documents and Settings\koprivecromana\Desktop\Lbos\project\Debug\task5.o
                0x20200000                _task1_paddr = LOADADDR (.task1)
                0x20240000                _task2_paddr = LOADADDR (.task2)
                0x20280000                _task3_paddr = LOADADDR (.task3)
                0x202c0000                _task4_paddr = LOADADDR (.task4)
                0x20300000                _task5_paddr = LOADADDR (.task5)
                0x20340000                . = (LOADADDR (.task5) + 0x40000)
                0x20340000                __PAGE_OFFSET__ = .
                0x20340000                PROVIDE (end, .)
START GROUP
LOAD c:/winidea/2009/gcc/arm/bin/../lib/gcc/arm-elf/4.2.2\libgcc.a
LOAD c:/winidea/2009/gcc/arm/bin/../lib/gcc/arm-elf/4.2.2/../../../../arm-elf/lib\libc.a
END GROUP
OUTPUT(lbos-fri.elf elf32-littlearm)

.ARM.attributes
                0x00000000       0x10
 .ARM.attributes
                0x00000000       0x10 C:\Documents and Settings\koprivecromana\Desktop\Lbos\project\Debug\irq.o
 .ARM.attributes
                0x00000010       0x10 C:\Documents and Settings\koprivecromana\Desktop\Lbos\project\Debug\main.o
 .ARM.attributes
                0x00000020       0x10 C:\Documents and Settings\koprivecromana\Desktop\Lbos\project\Debug\syscall.o
 .ARM.attributes
                0x00000030       0x10 C:\Documents and Settings\koprivecromana\Desktop\Lbos\project\Debug\vectors.o
 .ARM.attributes
                0x00000040       0x10 C:\Documents and Settings\koprivecromana\Desktop\Lbos\project\Debug\sched.o
 .ARM.attributes
                0x00000050       0x10 C:\Documents and Settings\koprivecromana\Desktop\Lbos\project\Debug\printk.o
 .ARM.attributes
                0x00000060       0x10 C:\Documents and Settings\koprivecromana\Desktop\Lbos\project\Debug\timers.o
 .ARM.attributes
                0x00000070       0x10 C:\Documents and Settings\koprivecromana\Desktop\Lbos\project\Debug\debugger.o
 .ARM.attributes
                0x00000080       0x10 C:\Documents and Settings\koprivecromana\Desktop\Lbos\project\Debug\memory.o
 .ARM.attributes
                0x00000090       0x10 C:\Documents and Settings\koprivecromana\Desktop\Lbos\project\Debug\mmc.o
 .ARM.attributes
                0x000000a0       0x10 C:\Documents and Settings\koprivecromana\Desktop\Lbos\project\Debug\io.o
 .ARM.attributes
                0x000000b0       0x10 C:\Documents and Settings\koprivecromana\Desktop\Lbos\project\Debug\panic.o
 .ARM.attributes
                0x000000c0       0x10 C:\Documents and Settings\koprivecromana\Desktop\Lbos\project\Debug\vsprintf.o
 .ARM.attributes
                0x000000d0       0x10 C:\Documents and Settings\koprivecromana\Desktop\Lbos\project\Debug\string.o
 .ARM.attributes
                0x000000e0       0x10 C:\Documents and Settings\koprivecromana\Desktop\Lbos\project\Debug\vm.o
 .ARM.attributes
                0x000000f0       0x10 C:\Documents and Settings\koprivecromana\Desktop\Lbos\project\Debug\msgtest.o
 .ARM.attributes
                0x00000100       0x10 C:\Documents and Settings\koprivecromana\Desktop\Lbos\project\Debug\iotest.o
 .ARM.attributes
                0x00000110       0x10 C:\Documents and Settings\koprivecromana\Desktop\Lbos\project\Debug\vmtest.o
 .ARM.attributes
                0x00000120       0x10 C:\Documents and Settings\koprivecromana\Desktop\Lbos\project\Debug\dummy.o
 .ARM.attributes
                0x00000130       0x10 C:\Documents and Settings\koprivecromana\Desktop\Lbos\project\Debug\task1.o
 .ARM.attributes
                0x00000140       0x10 C:\Documents and Settings\koprivecromana\Desktop\Lbos\project\Debug\task2.o
 .ARM.attributes
                0x00000150       0x10 C:\Documents and Settings\koprivecromana\Desktop\Lbos\project\Debug\task3.o
 .ARM.attributes
                0x00000160       0x10 C:\Documents and Settings\koprivecromana\Desktop\Lbos\project\Debug\task4.o
 .ARM.attributes
                0x00000170       0x10 C:\Documents and Settings\koprivecromana\Desktop\Lbos\project\Debug\task5.o

.debug_line     0x00000000     0x123d
 .debug_line    0x00000000       0x8d C:\Documents and Settings\koprivecromana\Desktop\Lbos\project\Debug\irq.o
 .debug_line    0x0000008d      0x19a C:\Documents and Settings\koprivecromana\Desktop\Lbos\project\Debug\main.o
 .debug_line    0x00000227      0x11e C:\Documents and Settings\koprivecromana\Desktop\Lbos\project\Debug\syscall.o
 .debug_line    0x00000345       0x7a C:\Documents and Settings\koprivecromana\Desktop\Lbos\project\Debug\vectors.o
 .debug_line    0x000003bf       0xd0 C:\Documents and Settings\koprivecromana\Desktop\Lbos\project\Debug\sched.o
 .debug_line    0x0000048f       0x87 C:\Documents and Settings\koprivecromana\Desktop\Lbos\project\Debug\printk.o
 .debug_line    0x00000516       0xad C:\Documents and Settings\koprivecromana\Desktop\Lbos\project\Debug\timers.o
 .debug_line    0x000005c3       0xa3 C:\Documents and Settings\koprivecromana\Desktop\Lbos\project\Debug\debugger.o
 .debug_line    0x00000666       0xe7 C:\Documents and Settings\koprivecromana\Desktop\Lbos\project\Debug\memory.o
 .debug_line    0x0000074d      0x22c C:\Documents and Settings\koprivecromana\Desktop\Lbos\project\Debug\mmc.o
 .debug_line    0x00000979       0xe6 C:\Documents and Settings\koprivecromana\Desktop\Lbos\project\Debug\io.o
 .debug_line    0x00000a5f       0x75 C:\Documents and Settings\koprivecromana\Desktop\Lbos\project\Debug\panic.o
 .debug_line    0x00000ad4       0xc3 C:\Documents and Settings\koprivecromana\Desktop\Lbos\project\Debug\vsprintf.o
 .debug_line    0x00000b97       0x95 C:\Documents and Settings\koprivecromana\Desktop\Lbos\project\Debug\string.o
 .debug_line    0x00000c2c      0x1a0 C:\Documents and Settings\koprivecromana\Desktop\Lbos\project\Debug\vm.o
 .debug_line    0x00000dcc       0x8d C:\Documents and Settings\koprivecromana\Desktop\Lbos\project\Debug\msgtest.o
 .debug_line    0x00000e59       0x83 C:\Documents and Settings\koprivecromana\Desktop\Lbos\project\Debug\iotest.o
 .debug_line    0x00000edc       0x7d C:\Documents and Settings\koprivecromana\Desktop\Lbos\project\Debug\vmtest.o
 .debug_line    0x00000f59       0x90 C:\Documents and Settings\koprivecromana\Desktop\Lbos\project\Debug\dummy.o
 .debug_line    0x00000fe9       0x79 C:\Documents and Settings\koprivecromana\Desktop\Lbos\project\Debug\task1.o
 .debug_line    0x00001062       0x77 C:\Documents and Settings\koprivecromana\Desktop\Lbos\project\Debug\task2.o
 .debug_line    0x000010d9       0x77 C:\Documents and Settings\koprivecromana\Desktop\Lbos\project\Debug\task3.o
 .debug_line    0x00001150       0x76 C:\Documents and Settings\koprivecromana\Desktop\Lbos\project\Debug\task4.o
 .debug_line    0x000011c6       0x77 C:\Documents and Settings\koprivecromana\Desktop\Lbos\project\Debug\task5.o

.debug_info     0x00000000      0xfa3
 .debug_info    0x00000000       0xa0 C:\Documents and Settings\koprivecromana\Desktop\Lbos\project\Debug\irq.o
 .debug_info    0x000000a0       0xa1 C:\Documents and Settings\koprivecromana\Desktop\Lbos\project\Debug\main.o
 .debug_info    0x00000141       0xa4 C:\Documents and Settings\koprivecromana\Desktop\Lbos\project\Debug\syscall.o
 .debug_info    0x000001e5       0xa4 C:\Documents and Settings\koprivecromana\Desktop\Lbos\project\Debug\vectors.o
 .debug_info    0x00000289       0xa2 C:\Documents and Settings\koprivecromana\Desktop\Lbos\project\Debug\sched.o
 .debug_info    0x0000032b       0xa3 C:\Documents and Settings\koprivecromana\Desktop\Lbos\project\Debug\printk.o
 .debug_info    0x000003ce       0xa3 C:\Documents and Settings\koprivecromana\Desktop\Lbos\project\Debug\timers.o
 .debug_info    0x00000471       0xa5 C:\Documents and Settings\koprivecromana\Desktop\Lbos\project\Debug\debugger.o
 .debug_info    0x00000516       0xa3 C:\Documents and Settings\koprivecromana\Desktop\Lbos\project\Debug\memory.o
 .debug_info    0x000005b9       0xa0 C:\Documents and Settings\koprivecromana\Desktop\Lbos\project\Debug\mmc.o
 .debug_info    0x00000659       0x9f C:\Documents and Settings\koprivecromana\Desktop\Lbos\project\Debug\io.o
 .debug_info    0x000006f8       0xa2 C:\Documents and Settings\koprivecromana\Desktop\Lbos\project\Debug\panic.o
 .debug_info    0x0000079a       0xa5 C:\Documents and Settings\koprivecromana\Desktop\Lbos\project\Debug\vsprintf.o
 .debug_info    0x0000083f       0xa3 C:\Documents and Settings\koprivecromana\Desktop\Lbos\project\Debug\string.o
 .debug_info    0x000008e2       0x9f C:\Documents and Settings\koprivecromana\Desktop\Lbos\project\Debug\vm.o
 .debug_info    0x00000981       0xb0 C:\Documents and Settings\koprivecromana\Desktop\Lbos\project\Debug\msgtest.o
 .debug_info    0x00000a31       0xaf C:\Documents and Settings\koprivecromana\Desktop\Lbos\project\Debug\iotest.o
 .debug_info    0x00000ae0       0xaf C:\Documents and Settings\koprivecromana\Desktop\Lbos\project\Debug\vmtest.o
 .debug_info    0x00000b8f       0xae C:\Documents and Settings\koprivecromana\Desktop\Lbos\project\Debug\dummy.o
 .debug_info    0x00000c3d       0xae C:\Documents and Settings\koprivecromana\Desktop\Lbos\project\Debug\task1.o
 .debug_info    0x00000ceb       0xae C:\Documents and Settings\koprivecromana\Desktop\Lbos\project\Debug\task2.o
 .debug_info    0x00000d99       0xae C:\Documents and Settings\koprivecromana\Desktop\Lbos\project\Debug\task3.o
 .debug_info    0x00000e47       0xae C:\Documents and Settings\koprivecromana\Desktop\Lbos\project\Debug\task4.o
 .debug_info    0x00000ef5       0xae C:\Documents and Settings\koprivecromana\Desktop\Lbos\project\Debug\task5.o

.debug_abbrev   0x00000000      0x1e0
 .debug_abbrev  0x00000000       0x14 C:\Documents and Settings\koprivecromana\Desktop\Lbos\project\Debug\irq.o
 .debug_abbrev  0x00000014       0x14 C:\Documents and Settings\koprivecromana\Desktop\Lbos\project\Debug\main.o
 .debug_abbrev  0x00000028       0x14 C:\Documents and Settings\koprivecromana\Desktop\Lbos\project\Debug\syscall.o
 .debug_abbrev  0x0000003c       0x14 C:\Documents and Settings\koprivecromana\Desktop\Lbos\project\Debug\vectors.o
 .debug_abbrev  0x00000050       0x14 C:\Documents and Settings\koprivecromana\Desktop\Lbos\project\Debug\sched.o
 .debug_abbrev  0x00000064       0x14 C:\Documents and Settings\koprivecromana\Desktop\Lbos\project\Debug\printk.o
 .debug_abbrev  0x00000078       0x14 C:\Documents and Settings\koprivecromana\Desktop\Lbos\project\Debug\timers.o
 .debug_abbrev  0x0000008c       0x14 C:\Documents and Settings\koprivecromana\Desktop\Lbos\project\Debug\debugger.o
 .debug_abbrev  0x000000a0       0x14 C:\Documents and Settings\koprivecromana\Desktop\Lbos\project\Debug\memory.o
 .debug_abbrev  0x000000b4       0x14 C:\Documents and Settings\koprivecromana\Desktop\Lbos\project\Debug\mmc.o
 .debug_abbrev  0x000000c8       0x14 C:\Documents and Settings\koprivecromana\Desktop\Lbos\project\Debug\io.o
 .debug_abbrev  0x000000dc       0x14 C:\Documents and Settings\koprivecromana\Desktop\Lbos\project\Debug\panic.o
 .debug_abbrev  0x000000f0       0x14 C:\Documents and Settings\koprivecromana\Desktop\Lbos\project\Debug\vsprintf.o
 .debug_abbrev  0x00000104       0x14 C:\Documents and Settings\koprivecromana\Desktop\Lbos\project\Debug\string.o
 .debug_abbrev  0x00000118       0x14 C:\Documents and Settings\koprivecromana\Desktop\Lbos\project\Debug\vm.o
 .debug_abbrev  0x0000012c       0x14 C:\Documents and Settings\koprivecromana\Desktop\Lbos\project\Debug\msgtest.o
 .debug_abbrev  0x00000140       0x14 C:\Documents and Settings\koprivecromana\Desktop\Lbos\project\Debug\iotest.o
 .debug_abbrev  0x00000154       0x14 C:\Documents and Settings\koprivecromana\Desktop\Lbos\project\Debug\vmtest.o
 .debug_abbrev  0x00000168       0x14 C:\Documents and Settings\koprivecromana\Desktop\Lbos\project\Debug\dummy.o
 .debug_abbrev  0x0000017c       0x14 C:\Documents and Settings\koprivecromana\Desktop\Lbos\project\Debug\task1.o
 .debug_abbrev  0x00000190       0x14 C:\Documents and Settings\koprivecromana\Desktop\Lbos\project\Debug\task2.o
 .debug_abbrev  0x000001a4       0x14 C:\Documents and Settings\koprivecromana\Desktop\Lbos\project\Debug\task3.o
 .debug_abbrev  0x000001b8       0x14 C:\Documents and Settings\koprivecromana\Desktop\Lbos\project\Debug\task4.o
 .debug_abbrev  0x000001cc       0x14 C:\Documents and Settings\koprivecromana\Desktop\Lbos\project\Debug\task5.o

.debug_aranges  0x00000000      0x300
 .debug_aranges
                0x00000000       0x20 C:\Documents and Settings\koprivecromana\Desktop\Lbos\project\Debug\irq.o
 .debug_aranges
                0x00000020       0x20 C:\Documents and Settings\koprivecromana\Desktop\Lbos\project\Debug\main.o
 .debug_aranges
                0x00000040       0x20 C:\Documents and Settings\koprivecromana\Desktop\Lbos\project\Debug\syscall.o
 .debug_aranges
                0x00000060       0x20 C:\Documents and Settings\koprivecromana\Desktop\Lbos\project\Debug\vectors.o
 .debug_aranges
                0x00000080       0x20 C:\Documents and Settings\koprivecromana\Desktop\Lbos\project\Debug\sched.o
 .debug_aranges
                0x000000a0       0x20 C:\Documents and Settings\koprivecromana\Desktop\Lbos\project\Debug\printk.o
 .debug_aranges
                0x000000c0       0x20 C:\Documents and Settings\koprivecromana\Desktop\Lbos\project\Debug\timers.o
 .debug_aranges
                0x000000e0       0x20 C:\Documents and Settings\koprivecromana\Desktop\Lbos\project\Debug\debugger.o
 .debug_aranges
                0x00000100       0x20 C:\Documents and Settings\koprivecromana\Desktop\Lbos\project\Debug\memory.o
 .debug_aranges
                0x00000120       0x20 C:\Documents and Settings\koprivecromana\Desktop\Lbos\project\Debug\mmc.o
 .debug_aranges
                0x00000140       0x20 C:\Documents and Settings\koprivecromana\Desktop\Lbos\project\Debug\io.o
 .debug_aranges
                0x00000160       0x20 C:\Documents and Settings\koprivecromana\Desktop\Lbos\project\Debug\panic.o
 .debug_aranges
                0x00000180       0x20 C:\Documents and Settings\koprivecromana\Desktop\Lbos\project\Debug\vsprintf.o
 .debug_aranges
                0x000001a0       0x20 C:\Documents and Settings\koprivecromana\Desktop\Lbos\project\Debug\string.o
 .debug_aranges
                0x000001c0       0x20 C:\Documents and Settings\koprivecromana\Desktop\Lbos\project\Debug\vm.o
 .debug_aranges
                0x000001e0       0x20 C:\Documents and Settings\koprivecromana\Desktop\Lbos\project\Debug\msgtest.o
 .debug_aranges
                0x00000200       0x20 C:\Documents and Settings\koprivecromana\Desktop\Lbos\project\Debug\iotest.o
 .debug_aranges
                0x00000220       0x20 C:\Documents and Settings\koprivecromana\Desktop\Lbos\project\Debug\vmtest.o
 .debug_aranges
                0x00000240       0x20 C:\Documents and Settings\koprivecromana\Desktop\Lbos\project\Debug\dummy.o
 .debug_aranges
                0x00000260       0x20 C:\Documents and Settings\koprivecromana\Desktop\Lbos\project\Debug\task1.o
 .debug_aranges
                0x00000280       0x20 C:\Documents and Settings\koprivecromana\Desktop\Lbos\project\Debug\task2.o
 .debug_aranges
                0x000002a0       0x20 C:\Documents and Settings\koprivecromana\Desktop\Lbos\project\Debug\task3.o
 .debug_aranges
                0x000002c0       0x20 C:\Documents and Settings\koprivecromana\Desktop\Lbos\project\Debug\task4.o
 .debug_aranges
                0x000002e0       0x20 C:\Documents and Settings\koprivecromana\Desktop\Lbos\project\Debug\task5.o
