
Memory Configuration

Name             Origin             Length             Attributes
*default*        0x00000000         0xffffffff

Linker script and memory map

LOAD D:\LBOS-Branch4\project\Debug\irq.o
LOAD D:\LBOS-Branch4\project\Debug\main.o
LOAD D:\LBOS-Branch4\project\Debug\syscall.o
LOAD D:\LBOS-Branch4\project\Debug\vectors.o
LOAD D:\LBOS-Branch4\project\Debug\sched.o
LOAD D:\LBOS-Branch4\project\Debug\printk.o
LOAD D:\LBOS-Branch4\project\Debug\timers.o
LOAD D:\LBOS-Branch4\project\Debug\debugger.o
LOAD D:\LBOS-Branch4\project\Debug\memory.o
LOAD D:\LBOS-Branch4\project\Debug\mmc.o
LOAD D:\LBOS-Branch4\project\Debug\io.o
LOAD D:\LBOS-Branch4\project\Debug\panic.o
LOAD D:\LBOS-Branch4\project\Debug\vsprintf.o
LOAD D:\LBOS-Branch4\project\Debug\string.o
LOAD D:\LBOS-Branch4\project\Debug\vm.o
LOAD D:\LBOS-Branch4\project\Debug\dummy.o
LOAD D:\LBOS-Branch4\project\Debug\msgtest.o
LOAD D:\LBOS-Branch4\project\Debug\iotest.o
LOAD D:\LBOS-Branch4\project\Debug\vmtest.o
                0x00000000                __VECTORS_START__ = 0x0
                0x20000000                __TEXT_START__ = 0x20000000
                0x20080000                __DATA_START__ = 0x20080000
                0x20180000                __STACK_END__ = 0x20180000
                0x20200000                __TASKS_START__ = 0x20200000
                0x30000000                __TASKS_VM__ = 0x30000000
                0x22000000                __RAM_END__ = 0x22000000

.vecs           0x00000000       0x38
 *vectors.o(.text)
 .text          0x00000000       0x38 D:\LBOS-Branch4\project\Debug\vectors.o

.text           0x20000000     0x1f90
 *(EXCLUDE_FILE(*vectors.o) .text)
 .text          0x20000000       0xdc D:\LBOS-Branch4\project\Debug\irq.o
                0x20000000                spu_irq_handler
                0x200000cc                irq_restore
                0x200000b4                irq_disable
                0x20000014                sys_irq_handler
 .text          0x200000dc      0x32c D:\LBOS-Branch4\project\Debug\main.o
                0x200000dc                start
 .text          0x20000408      0x594 D:\LBOS-Branch4\project\Debug\syscall.o
                0x20000408                syscall_handler
                0x2000046c                svc_newtask
 .text          0x2000099c       0xc8 D:\LBOS-Branch4\project\Debug\sched.o
                0x2000099c                dispatch
 .text          0x20000a64       0x60 D:\LBOS-Branch4\project\Debug\printk.o
                0x20000a64                printk
 .text          0x20000ac4      0x11c D:\LBOS-Branch4\project\Debug\timers.o
                0x20000b3c                register_timer
                0x20000ac4                timer_irq_handler
 .text          0x20000be0      0x18c D:\LBOS-Branch4\project\Debug\debugger.o
                0x20000ca0                debugger_fiqir
                0x20000c40                debugger_dabrt
                0x20000c70                debugger_resvt
                0x20000c10                debugger_abort
                0x20000be0                debugger_undef
 .text          0x20000d6c      0x1d4 D:\LBOS-Branch4\project\Debug\memory.o
                0x20000ea4                mm_alloc_block
                0x20000d90                mm_alloc_page
                0x20000e2c                mm_free_page
                0x20000d6c                mm_init
 .text          0x20000f40      0x728 D:\LBOS-Branch4\project\Debug\mmc.o
                0x200012dc                mmc_write_block
                0x20000f40                mmc_init
                0x200011c8                mmc_read_block
 .text          0x20001668      0x25c D:\LBOS-Branch4\project\Debug\io.o
                0x20001668                io_dispatch
                0x200017a4                io_queue_request
                0x20001820                io_finish_request
 .text          0x200018c4       0x20 D:\LBOS-Branch4\project\Debug\panic.o
                0x200018c4                panic
 .text          0x200018e4      0x150 D:\LBOS-Branch4\project\Debug\vsprintf.o
                0x200018e4                vsprintf
 .text          0x20001a34       0x78 D:\LBOS-Branch4\project\Debug\string.o
                0x20001a34                memcpy
                0x20001a60                memcmp
                0x20001a4c                memset
                0x20001a8c                strlen
 .text          0x20001aac      0x4e4 D:\LBOS-Branch4\project\Debug\vm.o
                0x20001d74                vm_prepare_task_ttb
                0x20001e74                vm_abort_handler
                0x20001ca4                vm_get_phyaddr
                0x20001db4                vm_switch_ttb
                0x20001c58                vm_map_region
                0x20001e00                vm_init
                0x20001aac                vm_alloc_translation_table
 .text          0x20001f90        0x0 D:\LBOS-Branch4\project\Debug\dummy.o
 .text          0x20001f90        0x0 D:\LBOS-Branch4\project\Debug\msgtest.o
 .text          0x20001f90        0x0 D:\LBOS-Branch4\project\Debug\iotest.o
 .text          0x20001f90        0x0 D:\LBOS-Branch4\project\Debug\vmtest.o
                0x20001f90                PROVIDE (__etext, .)

.glue_7         0x20001f90        0x0
 .glue_7        0x20001f90        0x0 D:\LBOS-Branch4\project\Debug\irq.o
 .glue_7        0x20001f90        0x0 D:\LBOS-Branch4\project\Debug\main.o
 .glue_7        0x20001f90        0x0 D:\LBOS-Branch4\project\Debug\syscall.o
 .glue_7        0x20001f90        0x0 D:\LBOS-Branch4\project\Debug\vectors.o
 .glue_7        0x20001f90        0x0 D:\LBOS-Branch4\project\Debug\sched.o
 .glue_7        0x20001f90        0x0 D:\LBOS-Branch4\project\Debug\printk.o
 .glue_7        0x20001f90        0x0 D:\LBOS-Branch4\project\Debug\timers.o
 .glue_7        0x20001f90        0x0 D:\LBOS-Branch4\project\Debug\debugger.o
 .glue_7        0x20001f90        0x0 D:\LBOS-Branch4\project\Debug\memory.o
 .glue_7        0x20001f90        0x0 D:\LBOS-Branch4\project\Debug\mmc.o
 .glue_7        0x20001f90        0x0 D:\LBOS-Branch4\project\Debug\io.o
 .glue_7        0x20001f90        0x0 D:\LBOS-Branch4\project\Debug\panic.o
 .glue_7        0x20001f90        0x0 D:\LBOS-Branch4\project\Debug\vsprintf.o
 .glue_7        0x20001f90        0x0 D:\LBOS-Branch4\project\Debug\string.o
 .glue_7        0x20001f90        0x0 D:\LBOS-Branch4\project\Debug\vm.o
 .glue_7        0x20001f90        0x0 D:\LBOS-Branch4\project\Debug\dummy.o
 .glue_7        0x20001f90        0x0 D:\LBOS-Branch4\project\Debug\msgtest.o
 .glue_7        0x20001f90        0x0 D:\LBOS-Branch4\project\Debug\iotest.o
 .glue_7        0x20001f90        0x0 D:\LBOS-Branch4\project\Debug\vmtest.o

.glue_7t        0x20001f90        0x0
 .glue_7t       0x20001f90        0x0 D:\LBOS-Branch4\project\Debug\irq.o
 .glue_7t       0x20001f90        0x0 D:\LBOS-Branch4\project\Debug\main.o
 .glue_7t       0x20001f90        0x0 D:\LBOS-Branch4\project\Debug\syscall.o
 .glue_7t       0x20001f90        0x0 D:\LBOS-Branch4\project\Debug\vectors.o
 .glue_7t       0x20001f90        0x0 D:\LBOS-Branch4\project\Debug\sched.o
 .glue_7t       0x20001f90        0x0 D:\LBOS-Branch4\project\Debug\printk.o
 .glue_7t       0x20001f90        0x0 D:\LBOS-Branch4\project\Debug\timers.o
 .glue_7t       0x20001f90        0x0 D:\LBOS-Branch4\project\Debug\debugger.o
 .glue_7t       0x20001f90        0x0 D:\LBOS-Branch4\project\Debug\memory.o
 .glue_7t       0x20001f90        0x0 D:\LBOS-Branch4\project\Debug\mmc.o
 .glue_7t       0x20001f90        0x0 D:\LBOS-Branch4\project\Debug\io.o
 .glue_7t       0x20001f90        0x0 D:\LBOS-Branch4\project\Debug\panic.o
 .glue_7t       0x20001f90        0x0 D:\LBOS-Branch4\project\Debug\vsprintf.o
 .glue_7t       0x20001f90        0x0 D:\LBOS-Branch4\project\Debug\string.o
 .glue_7t       0x20001f90        0x0 D:\LBOS-Branch4\project\Debug\vm.o
 .glue_7t       0x20001f90        0x0 D:\LBOS-Branch4\project\Debug\dummy.o
 .glue_7t       0x20001f90        0x0 D:\LBOS-Branch4\project\Debug\msgtest.o
 .glue_7t       0x20001f90        0x0 D:\LBOS-Branch4\project\Debug\iotest.o
 .glue_7t       0x20001f90        0x0 D:\LBOS-Branch4\project\Debug\vmtest.o

.vfp11_veneer   0x20001f90        0x0
 .vfp11_veneer  0x20001f90        0x0 D:\LBOS-Branch4\project\Debug\irq.o
 .vfp11_veneer  0x20001f90        0x0 D:\LBOS-Branch4\project\Debug\main.o
 .vfp11_veneer  0x20001f90        0x0 D:\LBOS-Branch4\project\Debug\syscall.o
 .vfp11_veneer  0x20001f90        0x0 D:\LBOS-Branch4\project\Debug\vectors.o
 .vfp11_veneer  0x20001f90        0x0 D:\LBOS-Branch4\project\Debug\sched.o
 .vfp11_veneer  0x20001f90        0x0 D:\LBOS-Branch4\project\Debug\printk.o
 .vfp11_veneer  0x20001f90        0x0 D:\LBOS-Branch4\project\Debug\timers.o
 .vfp11_veneer  0x20001f90        0x0 D:\LBOS-Branch4\project\Debug\debugger.o
 .vfp11_veneer  0x20001f90        0x0 D:\LBOS-Branch4\project\Debug\memory.o
 .vfp11_veneer  0x20001f90        0x0 D:\LBOS-Branch4\project\Debug\mmc.o
 .vfp11_veneer  0x20001f90        0x0 D:\LBOS-Branch4\project\Debug\io.o
 .vfp11_veneer  0x20001f90        0x0 D:\LBOS-Branch4\project\Debug\panic.o
 .vfp11_veneer  0x20001f90        0x0 D:\LBOS-Branch4\project\Debug\vsprintf.o
 .vfp11_veneer  0x20001f90        0x0 D:\LBOS-Branch4\project\Debug\string.o
 .vfp11_veneer  0x20001f90        0x0 D:\LBOS-Branch4\project\Debug\vm.o
 .vfp11_veneer  0x20001f90        0x0 D:\LBOS-Branch4\project\Debug\dummy.o
 .vfp11_veneer  0x20001f90        0x0 D:\LBOS-Branch4\project\Debug\msgtest.o
 .vfp11_veneer  0x20001f90        0x0 D:\LBOS-Branch4\project\Debug\iotest.o
 .vfp11_veneer  0x20001f90        0x0 D:\LBOS-Branch4\project\Debug\vmtest.o

.rodata
 *(.rodata)
 *(.rodata.*)

.bss            0x20001f90        0x0
 .bss           0x20001f90        0x0 D:\LBOS-Branch4\project\Debug\irq.o
 .bss           0x20001f90        0x0 D:\LBOS-Branch4\project\Debug\main.o
 .bss           0x20001f90        0x0 D:\LBOS-Branch4\project\Debug\syscall.o
 .bss           0x20001f90        0x0 D:\LBOS-Branch4\project\Debug\vectors.o
 .bss           0x20001f90        0x0 D:\LBOS-Branch4\project\Debug\sched.o
 .bss           0x20001f90        0x0 D:\LBOS-Branch4\project\Debug\printk.o
 .bss           0x20001f90        0x0 D:\LBOS-Branch4\project\Debug\timers.o
 .bss           0x20001f90        0x0 D:\LBOS-Branch4\project\Debug\debugger.o
 .bss           0x20001f90        0x0 D:\LBOS-Branch4\project\Debug\memory.o
 .bss           0x20001f90        0x0 D:\LBOS-Branch4\project\Debug\mmc.o
 .bss           0x20001f90        0x0 D:\LBOS-Branch4\project\Debug\io.o
 .bss           0x20001f90        0x0 D:\LBOS-Branch4\project\Debug\panic.o
 .bss           0x20001f90        0x0 D:\LBOS-Branch4\project\Debug\vsprintf.o
 .bss           0x20001f90        0x0 D:\LBOS-Branch4\project\Debug\string.o
 .bss           0x20001f90        0x0 D:\LBOS-Branch4\project\Debug\vm.o
 .bss           0x20001f90        0x0 D:\LBOS-Branch4\project\Debug\dummy.o
 .bss           0x20001f90        0x0 D:\LBOS-Branch4\project\Debug\msgtest.o
 .bss           0x20001f90        0x0 D:\LBOS-Branch4\project\Debug\iotest.o
 .bss           0x20001f90        0x0 D:\LBOS-Branch4\project\Debug\vmtest.o

.data           0x20080000      0xf18
 *(.data)
 .data          0x20080000        0x0 D:\LBOS-Branch4\project\Debug\irq.o
 .data          0x20080000      0x4dc D:\LBOS-Branch4\project\Debug\main.o
                0x20080038                TASK2
                0x20080014                TASK1
                0x20080008                TCBLIST
                0x20080394                STACK_SUPM_END
                0x20080194                CUR_JIFFIES
                0x20080390                PAGEOFFSET
                0x20080190                TIMERQUEUE
                0x20080004                TINDEX
                0x200800a4                TASKTAB
                0x200800b4                MCBAREA
                0x2008018c                TIMERFREE
                0x2008005c                TASK3
                0x200801b0                PAGEBITMAP
                0x20080010                MCBLIST
                0x2008000c                CURRENT
 .data          0x200804dc       0x34 D:\LBOS-Branch4\project\Debug\syscall.o
 .data          0x20080510        0x0 D:\LBOS-Branch4\project\Debug\vectors.o
 .data          0x20080510        0x0 D:\LBOS-Branch4\project\Debug\sched.o
 .data          0x20080510      0x604 D:\LBOS-Branch4\project\Debug\printk.o
 .data          0x20080b14        0x0 D:\LBOS-Branch4\project\Debug\timers.o
 .data          0x20080b14       0xf1 D:\LBOS-Branch4\project\Debug\debugger.o
 *fill*         0x20080c05        0x3 00
 .data          0x20080c08        0x4 D:\LBOS-Branch4\project\Debug\memory.o
 .data          0x20080c0c       0xe4 D:\LBOS-Branch4\project\Debug\mmc.o
 .data          0x20080cf0       0x90 D:\LBOS-Branch4\project\Debug\io.o
 .data          0x20080d80       0x18 D:\LBOS-Branch4\project\Debug\panic.o
 .data          0x20080d98        0x0 D:\LBOS-Branch4\project\Debug\vsprintf.o
 .data          0x20080d98        0x0 D:\LBOS-Branch4\project\Debug\string.o
 .data          0x20080d98      0x180 D:\LBOS-Branch4\project\Debug\vm.o
 .data          0x20080f18        0x0 D:\LBOS-Branch4\project\Debug\dummy.o
 .data          0x20080f18        0x0 D:\LBOS-Branch4\project\Debug\msgtest.o
 .data          0x20080f18        0x0 D:\LBOS-Branch4\project\Debug\iotest.o
 .data          0x20080f18        0x0 D:\LBOS-Branch4\project\Debug\vmtest.o
 *(.data.*)
                0x20080f18                . = ALIGN (0x4)
                0x20080f18                __DATA_END__ = .

.task1          0x30000000       0x8e load address 0x20200000
 *dummy.o(task_code)
 task_code      0x30000000       0x88 D:\LBOS-Branch4\project\Debug\dummy.o
 *dummy.o(task_data)
 task_data      0x30000088        0x6 D:\LBOS-Branch4\project\Debug\dummy.o

.task2          0x30000000       0x54 load address 0x20240000
 *msgtest.o(task_code)
 task_code      0x30000000       0x54 D:\LBOS-Branch4\project\Debug\msgtest.o
 *msgtest.o(task_data)
 task_data      0x30000054        0x0 D:\LBOS-Branch4\project\Debug\msgtest.o

.task3          0x30000000      0x650 load address 0x20280000
 *iotest.o(task_code)
 task_code      0x30000000      0x590 D:\LBOS-Branch4\project\Debug\iotest.o
 *iotest.o(task_data)
 task_data      0x30000590       0xc0 D:\LBOS-Branch4\project\Debug\iotest.o

.task4          0x30000000       0x18 load address 0x202c0000
 *vmtest.o(task_code)
 task_code      0x30000000       0x18 D:\LBOS-Branch4\project\Debug\vmtest.o
 *vmtest.o(task_data)
 task_data      0x30000018        0x0 D:\LBOS-Branch4\project\Debug\vmtest.o
                0x20200000                _task1_paddr = LOADADDR (.task1)
                0x20240000                _task2_paddr = LOADADDR (.task2)
                0x20280000                _task3_paddr = LOADADDR (.task3)
                0x202c0000                _task4_paddr = LOADADDR (.task4)
                0x20300000                . = (LOADADDR (.task4) + 0x40000)
                0x20300000                __PAGE_OFFSET__ = .
                0x20300000                PROVIDE (end, .)
START GROUP
LOAD c:/winidea/2008/gcc/arm/bin/../lib/gcc/arm-elf/4.2.2\libgcc.a
LOAD c:/winidea/2008/gcc/arm/bin/../lib/gcc/arm-elf/4.2.2/../../../../arm-elf/lib\libc.a
END GROUP
OUTPUT(lbos-fri.elf elf32-littlearm)

.ARM.attributes
                0x00000000       0x10
 .ARM.attributes
                0x00000000       0x10 D:\LBOS-Branch4\project\Debug\irq.o
 .ARM.attributes
                0x00000010       0x10 D:\LBOS-Branch4\project\Debug\main.o
 .ARM.attributes
                0x00000020       0x10 D:\LBOS-Branch4\project\Debug\syscall.o
 .ARM.attributes
                0x00000030       0x10 D:\LBOS-Branch4\project\Debug\vectors.o
 .ARM.attributes
                0x00000040       0x10 D:\LBOS-Branch4\project\Debug\sched.o
 .ARM.attributes
                0x00000050       0x10 D:\LBOS-Branch4\project\Debug\printk.o
 .ARM.attributes
                0x00000060       0x10 D:\LBOS-Branch4\project\Debug\timers.o
 .ARM.attributes
                0x00000070       0x10 D:\LBOS-Branch4\project\Debug\debugger.o
 .ARM.attributes
                0x00000080       0x10 D:\LBOS-Branch4\project\Debug\memory.o
 .ARM.attributes
                0x00000090       0x10 D:\LBOS-Branch4\project\Debug\mmc.o
 .ARM.attributes
                0x000000a0       0x10 D:\LBOS-Branch4\project\Debug\io.o
 .ARM.attributes
                0x000000b0       0x10 D:\LBOS-Branch4\project\Debug\panic.o
 .ARM.attributes
                0x000000c0       0x10 D:\LBOS-Branch4\project\Debug\vsprintf.o
 .ARM.attributes
                0x000000d0       0x10 D:\LBOS-Branch4\project\Debug\string.o
 .ARM.attributes
                0x000000e0       0x10 D:\LBOS-Branch4\project\Debug\vm.o
 .ARM.attributes
                0x000000f0       0x10 D:\LBOS-Branch4\project\Debug\dummy.o
 .ARM.attributes
                0x00000100       0x10 D:\LBOS-Branch4\project\Debug\msgtest.o
 .ARM.attributes
                0x00000110       0x10 D:\LBOS-Branch4\project\Debug\iotest.o
 .ARM.attributes
                0x00000120       0x10 D:\LBOS-Branch4\project\Debug\vmtest.o

.debug_line     0x00000000      0xe3a
 .debug_line    0x00000000       0x68 D:\LBOS-Branch4\project\Debug\irq.o
 .debug_line    0x00000068      0x12b D:\LBOS-Branch4\project\Debug\main.o
 .debug_line    0x00000193      0x14b D:\LBOS-Branch4\project\Debug\syscall.o
 .debug_line    0x000002de       0x54 D:\LBOS-Branch4\project\Debug\vectors.o
 .debug_line    0x00000332       0x65 D:\LBOS-Branch4\project\Debug\sched.o
 .debug_line    0x00000397       0x61 D:\LBOS-Branch4\project\Debug\printk.o
 .debug_line    0x000003f8       0x87 D:\LBOS-Branch4\project\Debug\timers.o
 .debug_line    0x0000047f       0x7d D:\LBOS-Branch4\project\Debug\debugger.o
 .debug_line    0x000004fc       0xc1 D:\LBOS-Branch4\project\Debug\memory.o
 .debug_line    0x000005bd      0x206 D:\LBOS-Branch4\project\Debug\mmc.o
 .debug_line    0x000007c3       0xc0 D:\LBOS-Branch4\project\Debug\io.o
 .debug_line    0x00000883       0x4f D:\LBOS-Branch4\project\Debug\panic.o
 .debug_line    0x000008d2       0x9d D:\LBOS-Branch4\project\Debug\vsprintf.o
 .debug_line    0x0000096f       0x6f D:\LBOS-Branch4\project\Debug\string.o
 .debug_line    0x000009de      0x17a D:\LBOS-Branch4\project\Debug\vm.o
 .debug_line    0x00000b58       0x72 D:\LBOS-Branch4\project\Debug\dummy.o
 .debug_line    0x00000bca       0x67 D:\LBOS-Branch4\project\Debug\msgtest.o
 .debug_line    0x00000c31      0x1b2 D:\LBOS-Branch4\project\Debug\iotest.o
 .debug_line    0x00000de3       0x57 D:\LBOS-Branch4\project\Debug\vmtest.o

.debug_info     0x00000000      0x699
 .debug_info    0x00000000       0x54 D:\LBOS-Branch4\project\Debug\irq.o
 .debug_info    0x00000054       0x55 D:\LBOS-Branch4\project\Debug\main.o
 .debug_info    0x000000a9       0x58 D:\LBOS-Branch4\project\Debug\syscall.o
 .debug_info    0x00000101       0x58 D:\LBOS-Branch4\project\Debug\vectors.o
 .debug_info    0x00000159       0x56 D:\LBOS-Branch4\project\Debug\sched.o
 .debug_info    0x000001af       0x57 D:\LBOS-Branch4\project\Debug\printk.o
 .debug_info    0x00000206       0x57 D:\LBOS-Branch4\project\Debug\timers.o
 .debug_info    0x0000025d       0x59 D:\LBOS-Branch4\project\Debug\debugger.o
 .debug_info    0x000002b6       0x57 D:\LBOS-Branch4\project\Debug\memory.o
 .debug_info    0x0000030d       0x54 D:\LBOS-Branch4\project\Debug\mmc.o
 .debug_info    0x00000361       0x53 D:\LBOS-Branch4\project\Debug\io.o
 .debug_info    0x000003b4       0x56 D:\LBOS-Branch4\project\Debug\panic.o
 .debug_info    0x0000040a       0x59 D:\LBOS-Branch4\project\Debug\vsprintf.o
 .debug_info    0x00000463       0x57 D:\LBOS-Branch4\project\Debug\string.o
 .debug_info    0x000004ba       0x53 D:\LBOS-Branch4\project\Debug\vm.o
 .debug_info    0x0000050d       0x62 D:\LBOS-Branch4\project\Debug\dummy.o
 .debug_info    0x0000056f       0x64 D:\LBOS-Branch4\project\Debug\msgtest.o
 .debug_info    0x000005d3       0x63 D:\LBOS-Branch4\project\Debug\iotest.o
 .debug_info    0x00000636       0x63 D:\LBOS-Branch4\project\Debug\vmtest.o

.debug_abbrev   0x00000000      0x17c
 .debug_abbrev  0x00000000       0x14 D:\LBOS-Branch4\project\Debug\irq.o
 .debug_abbrev  0x00000014       0x14 D:\LBOS-Branch4\project\Debug\main.o
 .debug_abbrev  0x00000028       0x14 D:\LBOS-Branch4\project\Debug\syscall.o
 .debug_abbrev  0x0000003c       0x14 D:\LBOS-Branch4\project\Debug\vectors.o
 .debug_abbrev  0x00000050       0x14 D:\LBOS-Branch4\project\Debug\sched.o
 .debug_abbrev  0x00000064       0x14 D:\LBOS-Branch4\project\Debug\printk.o
 .debug_abbrev  0x00000078       0x14 D:\LBOS-Branch4\project\Debug\timers.o
 .debug_abbrev  0x0000008c       0x14 D:\LBOS-Branch4\project\Debug\debugger.o
 .debug_abbrev  0x000000a0       0x14 D:\LBOS-Branch4\project\Debug\memory.o
 .debug_abbrev  0x000000b4       0x14 D:\LBOS-Branch4\project\Debug\mmc.o
 .debug_abbrev  0x000000c8       0x14 D:\LBOS-Branch4\project\Debug\io.o
 .debug_abbrev  0x000000dc       0x14 D:\LBOS-Branch4\project\Debug\panic.o
 .debug_abbrev  0x000000f0       0x14 D:\LBOS-Branch4\project\Debug\vsprintf.o
 .debug_abbrev  0x00000104       0x14 D:\LBOS-Branch4\project\Debug\string.o
 .debug_abbrev  0x00000118       0x14 D:\LBOS-Branch4\project\Debug\vm.o
 .debug_abbrev  0x0000012c       0x14 D:\LBOS-Branch4\project\Debug\dummy.o
 .debug_abbrev  0x00000140       0x14 D:\LBOS-Branch4\project\Debug\msgtest.o
 .debug_abbrev  0x00000154       0x14 D:\LBOS-Branch4\project\Debug\iotest.o
 .debug_abbrev  0x00000168       0x14 D:\LBOS-Branch4\project\Debug\vmtest.o

.debug_aranges  0x00000000      0x260
 .debug_aranges
                0x00000000       0x20 D:\LBOS-Branch4\project\Debug\irq.o
 .debug_aranges
                0x00000020       0x20 D:\LBOS-Branch4\project\Debug\main.o
 .debug_aranges
                0x00000040       0x20 D:\LBOS-Branch4\project\Debug\syscall.o
 .debug_aranges
                0x00000060       0x20 D:\LBOS-Branch4\project\Debug\vectors.o
 .debug_aranges
                0x00000080       0x20 D:\LBOS-Branch4\project\Debug\sched.o
 .debug_aranges
                0x000000a0       0x20 D:\LBOS-Branch4\project\Debug\printk.o
 .debug_aranges
                0x000000c0       0x20 D:\LBOS-Branch4\project\Debug\timers.o
 .debug_aranges
                0x000000e0       0x20 D:\LBOS-Branch4\project\Debug\debugger.o
 .debug_aranges
                0x00000100       0x20 D:\LBOS-Branch4\project\Debug\memory.o
 .debug_aranges
                0x00000120       0x20 D:\LBOS-Branch4\project\Debug\mmc.o
 .debug_aranges
                0x00000140       0x20 D:\LBOS-Branch4\project\Debug\io.o
 .debug_aranges
                0x00000160       0x20 D:\LBOS-Branch4\project\Debug\panic.o
 .debug_aranges
                0x00000180       0x20 D:\LBOS-Branch4\project\Debug\vsprintf.o
 .debug_aranges
                0x000001a0       0x20 D:\LBOS-Branch4\project\Debug\string.o
 .debug_aranges
                0x000001c0       0x20 D:\LBOS-Branch4\project\Debug\vm.o
 .debug_aranges
                0x000001e0       0x20 D:\LBOS-Branch4\project\Debug\dummy.o
 .debug_aranges
                0x00000200       0x20 D:\LBOS-Branch4\project\Debug\msgtest.o
 .debug_aranges
                0x00000220       0x20 D:\LBOS-Branch4\project\Debug\iotest.o
 .debug_aranges
                0x00000240       0x20 D:\LBOS-Branch4\project\Debug\vmtest.o
