
Memory Configuration

Name             Origin             Length             Attributes
*default*        0x00000000         0xffffffff

Linker script and memory map

LOAD C:\Users\RaspeR\Documents\fax\OS1\LBOS\LBOS-FRI svn\Group3\project\Debug\irq.o
LOAD C:\Users\RaspeR\Documents\fax\OS1\LBOS\LBOS-FRI svn\Group3\project\Debug\main.o
LOAD C:\Users\RaspeR\Documents\fax\OS1\LBOS\LBOS-FRI svn\Group3\project\Debug\syscall.o
LOAD C:\Users\RaspeR\Documents\fax\OS1\LBOS\LBOS-FRI svn\Group3\project\Debug\vectors.o
LOAD C:\Users\RaspeR\Documents\fax\OS1\LBOS\LBOS-FRI svn\Group3\project\Debug\sched.o
LOAD C:\Users\RaspeR\Documents\fax\OS1\LBOS\LBOS-FRI svn\Group3\project\Debug\printk.o
LOAD C:\Users\RaspeR\Documents\fax\OS1\LBOS\LBOS-FRI svn\Group3\project\Debug\timers.o
LOAD C:\Users\RaspeR\Documents\fax\OS1\LBOS\LBOS-FRI svn\Group3\project\Debug\debugger.o
LOAD C:\Users\RaspeR\Documents\fax\OS1\LBOS\LBOS-FRI svn\Group3\project\Debug\memory.o
LOAD C:\Users\RaspeR\Documents\fax\OS1\LBOS\LBOS-FRI svn\Group3\project\Debug\mmc.o
LOAD C:\Users\RaspeR\Documents\fax\OS1\LBOS\LBOS-FRI svn\Group3\project\Debug\io.o
LOAD C:\Users\RaspeR\Documents\fax\OS1\LBOS\LBOS-FRI svn\Group3\project\Debug\panic.o
LOAD C:\Users\RaspeR\Documents\fax\OS1\LBOS\LBOS-FRI svn\Group3\project\Debug\vsprintf.o
LOAD C:\Users\RaspeR\Documents\fax\OS1\LBOS\LBOS-FRI svn\Group3\project\Debug\string.o
LOAD C:\Users\RaspeR\Documents\fax\OS1\LBOS\LBOS-FRI svn\Group3\project\Debug\vm.o
LOAD C:\Users\RaspeR\Documents\fax\OS1\LBOS\LBOS-FRI svn\Group3\project\Debug\svc_delay.o
LOAD C:\Users\RaspeR\Documents\fax\OS1\LBOS\LBOS-FRI svn\Group3\project\Debug\dummy.o
LOAD C:\Users\RaspeR\Documents\fax\OS1\LBOS\LBOS-FRI svn\Group3\project\Debug\msgtest.o
LOAD C:\Users\RaspeR\Documents\fax\OS1\LBOS\LBOS-FRI svn\Group3\project\Debug\iotest.o
LOAD C:\Users\RaspeR\Documents\fax\OS1\LBOS\LBOS-FRI svn\Group3\project\Debug\vmtest.o
LOAD C:\Users\RaspeR\Documents\fax\OS1\LBOS\LBOS-FRI svn\Group3\project\Debug\dlytest4.o
LOAD C:\Users\RaspeR\Documents\fax\OS1\LBOS\LBOS-FRI svn\Group3\project\Debug\dlytest1.o
LOAD C:\Users\RaspeR\Documents\fax\OS1\LBOS\LBOS-FRI svn\Group3\project\Debug\dlytest2.o
LOAD C:\Users\RaspeR\Documents\fax\OS1\LBOS\LBOS-FRI svn\Group3\project\Debug\dlytest3.o
                0x00000000                __VECTORS_START__ = 0x0
                0x20000000                __TEXT_START__ = 0x20000000
                0x20080000                __DATA_START__ = 0x20080000
                0x20180000                __STACK_END__ = 0x20180000
                0x20200000                __TASKS_START__ = 0x20200000
                0x30000000                __TASKS_VM__ = 0x30000000
                0x22000000                __RAM_END__ = 0x22000000

.vecs           0x00000000       0x38
 *vectors.o(.text)
 .text          0x00000000       0x38 C:\Users\RaspeR\Documents\fax\OS1\LBOS\LBOS-FRI svn\Group3\project\Debug\vectors.o

.text           0x20000000     0x1d80
 *(EXCLUDE_FILE(*vectors.o) .text)
 .text          0x20000000       0xc8 C:\Users\RaspeR\Documents\fax\OS1\LBOS\LBOS-FRI svn\Group3\project\Debug\irq.o
                0x20000000                spu_irq_handler
                0x200000b8                irq_restore
                0x200000a0                irq_disable
                0x20000014                sys_irq_handler
 .text          0x200000c8      0x2e4 C:\Users\RaspeR\Documents\fax\OS1\LBOS\LBOS-FRI svn\Group3\project\Debug\main.o
                0x200000c8                start
 .text          0x200003ac      0x358 C:\Users\RaspeR\Documents\fax\OS1\LBOS\LBOS-FRI svn\Group3\project\Debug\syscall.o
                0x200003ac                syscall_handler
                0x200003f4                svc_newtask
 .text          0x20000704       0xbc C:\Users\RaspeR\Documents\fax\OS1\LBOS\LBOS-FRI svn\Group3\project\Debug\sched.o
                0x20000704                dispatch
 .text          0x200007c0       0x60 C:\Users\RaspeR\Documents\fax\OS1\LBOS\LBOS-FRI svn\Group3\project\Debug\printk.o
                0x200007c0                printk
 .text          0x20000820       0x3c C:\Users\RaspeR\Documents\fax\OS1\LBOS\LBOS-FRI svn\Group3\project\Debug\timers.o
                0x20000820                timer_irq_handler
 .text          0x2000085c      0x18c C:\Users\RaspeR\Documents\fax\OS1\LBOS\LBOS-FRI svn\Group3\project\Debug\debugger.o
                0x2000091c                debugger_fiqir
                0x200008bc                debugger_dabrt
                0x200008ec                debugger_resvt
                0x2000088c                debugger_abort
                0x2000085c                debugger_undef
 .text          0x200009e8      0x1d4 C:\Users\RaspeR\Documents\fax\OS1\LBOS\LBOS-FRI svn\Group3\project\Debug\memory.o
                0x20000b20                mm_alloc_block
                0x20000a0c                mm_alloc_page
                0x20000aa8                mm_free_page
                0x200009e8                mm_init
 .text          0x20000bbc      0x720 C:\Users\RaspeR\Documents\fax\OS1\LBOS\LBOS-FRI svn\Group3\project\Debug\mmc.o
                0x20000f50                mmc_write_block
                0x20000bbc                mmc_init
                0x20000e3c                mmc_read_block
 .text          0x200012dc      0x250 C:\Users\RaspeR\Documents\fax\OS1\LBOS\LBOS-FRI svn\Group3\project\Debug\io.o
                0x200012dc                io_dispatch
                0x20001418                io_queue_request
                0x20001494                io_finish_request
 .text          0x2000152c       0x20 C:\Users\RaspeR\Documents\fax\OS1\LBOS\LBOS-FRI svn\Group3\project\Debug\panic.o
                0x2000152c                panic
 .text          0x2000154c      0x150 C:\Users\RaspeR\Documents\fax\OS1\LBOS\LBOS-FRI svn\Group3\project\Debug\vsprintf.o
                0x2000154c                vsprintf
 .text          0x2000169c       0x78 C:\Users\RaspeR\Documents\fax\OS1\LBOS\LBOS-FRI svn\Group3\project\Debug\string.o
                0x2000169c                memcpy
                0x200016c8                memcmp
                0x200016b4                memset
                0x200016f4                strlen
 .text          0x20001714      0x4e4 C:\Users\RaspeR\Documents\fax\OS1\LBOS\LBOS-FRI svn\Group3\project\Debug\vm.o
                0x200019dc                vm_prepare_task_ttb
                0x20001adc                vm_abort_handler
                0x2000190c                vm_get_phyaddr
                0x20001a1c                vm_switch_ttb
                0x200018c0                vm_map_region
                0x20001a68                vm_init
                0x20001714                vm_alloc_translation_table
 .text          0x20001bf8      0x188 C:\Users\RaspeR\Documents\fax\OS1\LBOS\LBOS-FRI svn\Group3\project\Debug\svc_delay.o
                0x20001bf8                dl_arfd
 .text          0x20001d80        0x0 C:\Users\RaspeR\Documents\fax\OS1\LBOS\LBOS-FRI svn\Group3\project\Debug\dummy.o
 .text          0x20001d80        0x0 C:\Users\RaspeR\Documents\fax\OS1\LBOS\LBOS-FRI svn\Group3\project\Debug\msgtest.o
 .text          0x20001d80        0x0 C:\Users\RaspeR\Documents\fax\OS1\LBOS\LBOS-FRI svn\Group3\project\Debug\iotest.o
 .text          0x20001d80        0x0 C:\Users\RaspeR\Documents\fax\OS1\LBOS\LBOS-FRI svn\Group3\project\Debug\vmtest.o
 .text          0x20001d80        0x0 C:\Users\RaspeR\Documents\fax\OS1\LBOS\LBOS-FRI svn\Group3\project\Debug\dlytest4.o
 .text          0x20001d80        0x0 C:\Users\RaspeR\Documents\fax\OS1\LBOS\LBOS-FRI svn\Group3\project\Debug\dlytest1.o
 .text          0x20001d80        0x0 C:\Users\RaspeR\Documents\fax\OS1\LBOS\LBOS-FRI svn\Group3\project\Debug\dlytest2.o
 .text          0x20001d80        0x0 C:\Users\RaspeR\Documents\fax\OS1\LBOS\LBOS-FRI svn\Group3\project\Debug\dlytest3.o
                0x20001d80                PROVIDE (__etext, .)

.glue_7         0x20001d80        0x0
 .glue_7        0x20001d80        0x0 C:\Users\RaspeR\Documents\fax\OS1\LBOS\LBOS-FRI svn\Group3\project\Debug\irq.o
 .glue_7        0x20001d80        0x0 C:\Users\RaspeR\Documents\fax\OS1\LBOS\LBOS-FRI svn\Group3\project\Debug\main.o
 .glue_7        0x20001d80        0x0 C:\Users\RaspeR\Documents\fax\OS1\LBOS\LBOS-FRI svn\Group3\project\Debug\syscall.o
 .glue_7        0x20001d80        0x0 C:\Users\RaspeR\Documents\fax\OS1\LBOS\LBOS-FRI svn\Group3\project\Debug\vectors.o
 .glue_7        0x20001d80        0x0 C:\Users\RaspeR\Documents\fax\OS1\LBOS\LBOS-FRI svn\Group3\project\Debug\sched.o
 .glue_7        0x20001d80        0x0 C:\Users\RaspeR\Documents\fax\OS1\LBOS\LBOS-FRI svn\Group3\project\Debug\printk.o
 .glue_7        0x20001d80        0x0 C:\Users\RaspeR\Documents\fax\OS1\LBOS\LBOS-FRI svn\Group3\project\Debug\timers.o
 .glue_7        0x20001d80        0x0 C:\Users\RaspeR\Documents\fax\OS1\LBOS\LBOS-FRI svn\Group3\project\Debug\debugger.o
 .glue_7        0x20001d80        0x0 C:\Users\RaspeR\Documents\fax\OS1\LBOS\LBOS-FRI svn\Group3\project\Debug\memory.o
 .glue_7        0x20001d80        0x0 C:\Users\RaspeR\Documents\fax\OS1\LBOS\LBOS-FRI svn\Group3\project\Debug\mmc.o
 .glue_7        0x20001d80        0x0 C:\Users\RaspeR\Documents\fax\OS1\LBOS\LBOS-FRI svn\Group3\project\Debug\io.o
 .glue_7        0x20001d80        0x0 C:\Users\RaspeR\Documents\fax\OS1\LBOS\LBOS-FRI svn\Group3\project\Debug\panic.o
 .glue_7        0x20001d80        0x0 C:\Users\RaspeR\Documents\fax\OS1\LBOS\LBOS-FRI svn\Group3\project\Debug\vsprintf.o
 .glue_7        0x20001d80        0x0 C:\Users\RaspeR\Documents\fax\OS1\LBOS\LBOS-FRI svn\Group3\project\Debug\string.o
 .glue_7        0x20001d80        0x0 C:\Users\RaspeR\Documents\fax\OS1\LBOS\LBOS-FRI svn\Group3\project\Debug\vm.o
 .glue_7        0x20001d80        0x0 C:\Users\RaspeR\Documents\fax\OS1\LBOS\LBOS-FRI svn\Group3\project\Debug\svc_delay.o
 .glue_7        0x20001d80        0x0 C:\Users\RaspeR\Documents\fax\OS1\LBOS\LBOS-FRI svn\Group3\project\Debug\dummy.o
 .glue_7        0x20001d80        0x0 C:\Users\RaspeR\Documents\fax\OS1\LBOS\LBOS-FRI svn\Group3\project\Debug\msgtest.o
 .glue_7        0x20001d80        0x0 C:\Users\RaspeR\Documents\fax\OS1\LBOS\LBOS-FRI svn\Group3\project\Debug\iotest.o
 .glue_7        0x20001d80        0x0 C:\Users\RaspeR\Documents\fax\OS1\LBOS\LBOS-FRI svn\Group3\project\Debug\vmtest.o
 .glue_7        0x20001d80        0x0 C:\Users\RaspeR\Documents\fax\OS1\LBOS\LBOS-FRI svn\Group3\project\Debug\dlytest4.o
 .glue_7        0x20001d80        0x0 C:\Users\RaspeR\Documents\fax\OS1\LBOS\LBOS-FRI svn\Group3\project\Debug\dlytest1.o
 .glue_7        0x20001d80        0x0 C:\Users\RaspeR\Documents\fax\OS1\LBOS\LBOS-FRI svn\Group3\project\Debug\dlytest2.o
 .glue_7        0x20001d80        0x0 C:\Users\RaspeR\Documents\fax\OS1\LBOS\LBOS-FRI svn\Group3\project\Debug\dlytest3.o

.glue_7t        0x20001d80        0x0
 .glue_7t       0x20001d80        0x0 C:\Users\RaspeR\Documents\fax\OS1\LBOS\LBOS-FRI svn\Group3\project\Debug\irq.o
 .glue_7t       0x20001d80        0x0 C:\Users\RaspeR\Documents\fax\OS1\LBOS\LBOS-FRI svn\Group3\project\Debug\main.o
 .glue_7t       0x20001d80        0x0 C:\Users\RaspeR\Documents\fax\OS1\LBOS\LBOS-FRI svn\Group3\project\Debug\syscall.o
 .glue_7t       0x20001d80        0x0 C:\Users\RaspeR\Documents\fax\OS1\LBOS\LBOS-FRI svn\Group3\project\Debug\vectors.o
 .glue_7t       0x20001d80        0x0 C:\Users\RaspeR\Documents\fax\OS1\LBOS\LBOS-FRI svn\Group3\project\Debug\sched.o
 .glue_7t       0x20001d80        0x0 C:\Users\RaspeR\Documents\fax\OS1\LBOS\LBOS-FRI svn\Group3\project\Debug\printk.o
 .glue_7t       0x20001d80        0x0 C:\Users\RaspeR\Documents\fax\OS1\LBOS\LBOS-FRI svn\Group3\project\Debug\timers.o
 .glue_7t       0x20001d80        0x0 C:\Users\RaspeR\Documents\fax\OS1\LBOS\LBOS-FRI svn\Group3\project\Debug\debugger.o
 .glue_7t       0x20001d80        0x0 C:\Users\RaspeR\Documents\fax\OS1\LBOS\LBOS-FRI svn\Group3\project\Debug\memory.o
 .glue_7t       0x20001d80        0x0 C:\Users\RaspeR\Documents\fax\OS1\LBOS\LBOS-FRI svn\Group3\project\Debug\mmc.o
 .glue_7t       0x20001d80        0x0 C:\Users\RaspeR\Documents\fax\OS1\LBOS\LBOS-FRI svn\Group3\project\Debug\io.o
 .glue_7t       0x20001d80        0x0 C:\Users\RaspeR\Documents\fax\OS1\LBOS\LBOS-FRI svn\Group3\project\Debug\panic.o
 .glue_7t       0x20001d80        0x0 C:\Users\RaspeR\Documents\fax\OS1\LBOS\LBOS-FRI svn\Group3\project\Debug\vsprintf.o
 .glue_7t       0x20001d80        0x0 C:\Users\RaspeR\Documents\fax\OS1\LBOS\LBOS-FRI svn\Group3\project\Debug\string.o
 .glue_7t       0x20001d80        0x0 C:\Users\RaspeR\Documents\fax\OS1\LBOS\LBOS-FRI svn\Group3\project\Debug\vm.o
 .glue_7t       0x20001d80        0x0 C:\Users\RaspeR\Documents\fax\OS1\LBOS\LBOS-FRI svn\Group3\project\Debug\svc_delay.o
 .glue_7t       0x20001d80        0x0 C:\Users\RaspeR\Documents\fax\OS1\LBOS\LBOS-FRI svn\Group3\project\Debug\dummy.o
 .glue_7t       0x20001d80        0x0 C:\Users\RaspeR\Documents\fax\OS1\LBOS\LBOS-FRI svn\Group3\project\Debug\msgtest.o
 .glue_7t       0x20001d80        0x0 C:\Users\RaspeR\Documents\fax\OS1\LBOS\LBOS-FRI svn\Group3\project\Debug\iotest.o
 .glue_7t       0x20001d80        0x0 C:\Users\RaspeR\Documents\fax\OS1\LBOS\LBOS-FRI svn\Group3\project\Debug\vmtest.o
 .glue_7t       0x20001d80        0x0 C:\Users\RaspeR\Documents\fax\OS1\LBOS\LBOS-FRI svn\Group3\project\Debug\dlytest4.o
 .glue_7t       0x20001d80        0x0 C:\Users\RaspeR\Documents\fax\OS1\LBOS\LBOS-FRI svn\Group3\project\Debug\dlytest1.o
 .glue_7t       0x20001d80        0x0 C:\Users\RaspeR\Documents\fax\OS1\LBOS\LBOS-FRI svn\Group3\project\Debug\dlytest2.o
 .glue_7t       0x20001d80        0x0 C:\Users\RaspeR\Documents\fax\OS1\LBOS\LBOS-FRI svn\Group3\project\Debug\dlytest3.o

.vfp11_veneer   0x20001d80        0x0
 .vfp11_veneer  0x20001d80        0x0 C:\Users\RaspeR\Documents\fax\OS1\LBOS\LBOS-FRI svn\Group3\project\Debug\irq.o
 .vfp11_veneer  0x20001d80        0x0 C:\Users\RaspeR\Documents\fax\OS1\LBOS\LBOS-FRI svn\Group3\project\Debug\main.o
 .vfp11_veneer  0x20001d80        0x0 C:\Users\RaspeR\Documents\fax\OS1\LBOS\LBOS-FRI svn\Group3\project\Debug\syscall.o
 .vfp11_veneer  0x20001d80        0x0 C:\Users\RaspeR\Documents\fax\OS1\LBOS\LBOS-FRI svn\Group3\project\Debug\vectors.o
 .vfp11_veneer  0x20001d80        0x0 C:\Users\RaspeR\Documents\fax\OS1\LBOS\LBOS-FRI svn\Group3\project\Debug\sched.o
 .vfp11_veneer  0x20001d80        0x0 C:\Users\RaspeR\Documents\fax\OS1\LBOS\LBOS-FRI svn\Group3\project\Debug\printk.o
 .vfp11_veneer  0x20001d80        0x0 C:\Users\RaspeR\Documents\fax\OS1\LBOS\LBOS-FRI svn\Group3\project\Debug\timers.o
 .vfp11_veneer  0x20001d80        0x0 C:\Users\RaspeR\Documents\fax\OS1\LBOS\LBOS-FRI svn\Group3\project\Debug\debugger.o
 .vfp11_veneer  0x20001d80        0x0 C:\Users\RaspeR\Documents\fax\OS1\LBOS\LBOS-FRI svn\Group3\project\Debug\memory.o
 .vfp11_veneer  0x20001d80        0x0 C:\Users\RaspeR\Documents\fax\OS1\LBOS\LBOS-FRI svn\Group3\project\Debug\mmc.o
 .vfp11_veneer  0x20001d80        0x0 C:\Users\RaspeR\Documents\fax\OS1\LBOS\LBOS-FRI svn\Group3\project\Debug\io.o
 .vfp11_veneer  0x20001d80        0x0 C:\Users\RaspeR\Documents\fax\OS1\LBOS\LBOS-FRI svn\Group3\project\Debug\panic.o
 .vfp11_veneer  0x20001d80        0x0 C:\Users\RaspeR\Documents\fax\OS1\LBOS\LBOS-FRI svn\Group3\project\Debug\vsprintf.o
 .vfp11_veneer  0x20001d80        0x0 C:\Users\RaspeR\Documents\fax\OS1\LBOS\LBOS-FRI svn\Group3\project\Debug\string.o
 .vfp11_veneer  0x20001d80        0x0 C:\Users\RaspeR\Documents\fax\OS1\LBOS\LBOS-FRI svn\Group3\project\Debug\vm.o
 .vfp11_veneer  0x20001d80        0x0 C:\Users\RaspeR\Documents\fax\OS1\LBOS\LBOS-FRI svn\Group3\project\Debug\svc_delay.o
 .vfp11_veneer  0x20001d80        0x0 C:\Users\RaspeR\Documents\fax\OS1\LBOS\LBOS-FRI svn\Group3\project\Debug\dummy.o
 .vfp11_veneer  0x20001d80        0x0 C:\Users\RaspeR\Documents\fax\OS1\LBOS\LBOS-FRI svn\Group3\project\Debug\msgtest.o
 .vfp11_veneer  0x20001d80        0x0 C:\Users\RaspeR\Documents\fax\OS1\LBOS\LBOS-FRI svn\Group3\project\Debug\iotest.o
 .vfp11_veneer  0x20001d80        0x0 C:\Users\RaspeR\Documents\fax\OS1\LBOS\LBOS-FRI svn\Group3\project\Debug\vmtest.o
 .vfp11_veneer  0x20001d80        0x0 C:\Users\RaspeR\Documents\fax\OS1\LBOS\LBOS-FRI svn\Group3\project\Debug\dlytest4.o
 .vfp11_veneer  0x20001d80        0x0 C:\Users\RaspeR\Documents\fax\OS1\LBOS\LBOS-FRI svn\Group3\project\Debug\dlytest1.o
 .vfp11_veneer  0x20001d80        0x0 C:\Users\RaspeR\Documents\fax\OS1\LBOS\LBOS-FRI svn\Group3\project\Debug\dlytest2.o
 .vfp11_veneer  0x20001d80        0x0 C:\Users\RaspeR\Documents\fax\OS1\LBOS\LBOS-FRI svn\Group3\project\Debug\dlytest3.o

.rodata
 *(.rodata)
 *(.rodata.*)

.bss            0x20001d80        0x0
 .bss           0x20001d80        0x0 C:\Users\RaspeR\Documents\fax\OS1\LBOS\LBOS-FRI svn\Group3\project\Debug\irq.o
 .bss           0x20001d80        0x0 C:\Users\RaspeR\Documents\fax\OS1\LBOS\LBOS-FRI svn\Group3\project\Debug\main.o
 .bss           0x20001d80        0x0 C:\Users\RaspeR\Documents\fax\OS1\LBOS\LBOS-FRI svn\Group3\project\Debug\syscall.o
 .bss           0x20001d80        0x0 C:\Users\RaspeR\Documents\fax\OS1\LBOS\LBOS-FRI svn\Group3\project\Debug\vectors.o
 .bss           0x20001d80        0x0 C:\Users\RaspeR\Documents\fax\OS1\LBOS\LBOS-FRI svn\Group3\project\Debug\sched.o
 .bss           0x20001d80        0x0 C:\Users\RaspeR\Documents\fax\OS1\LBOS\LBOS-FRI svn\Group3\project\Debug\printk.o
 .bss           0x20001d80        0x0 C:\Users\RaspeR\Documents\fax\OS1\LBOS\LBOS-FRI svn\Group3\project\Debug\timers.o
 .bss           0x20001d80        0x0 C:\Users\RaspeR\Documents\fax\OS1\LBOS\LBOS-FRI svn\Group3\project\Debug\debugger.o
 .bss           0x20001d80        0x0 C:\Users\RaspeR\Documents\fax\OS1\LBOS\LBOS-FRI svn\Group3\project\Debug\memory.o
 .bss           0x20001d80        0x0 C:\Users\RaspeR\Documents\fax\OS1\LBOS\LBOS-FRI svn\Group3\project\Debug\mmc.o
 .bss           0x20001d80        0x0 C:\Users\RaspeR\Documents\fax\OS1\LBOS\LBOS-FRI svn\Group3\project\Debug\io.o
 .bss           0x20001d80        0x0 C:\Users\RaspeR\Documents\fax\OS1\LBOS\LBOS-FRI svn\Group3\project\Debug\panic.o
 .bss           0x20001d80        0x0 C:\Users\RaspeR\Documents\fax\OS1\LBOS\LBOS-FRI svn\Group3\project\Debug\vsprintf.o
 .bss           0x20001d80        0x0 C:\Users\RaspeR\Documents\fax\OS1\LBOS\LBOS-FRI svn\Group3\project\Debug\string.o
 .bss           0x20001d80        0x0 C:\Users\RaspeR\Documents\fax\OS1\LBOS\LBOS-FRI svn\Group3\project\Debug\vm.o
 .bss           0x20001d80        0x0 C:\Users\RaspeR\Documents\fax\OS1\LBOS\LBOS-FRI svn\Group3\project\Debug\svc_delay.o
 .bss           0x20001d80        0x0 C:\Users\RaspeR\Documents\fax\OS1\LBOS\LBOS-FRI svn\Group3\project\Debug\dummy.o
 .bss           0x20001d80        0x0 C:\Users\RaspeR\Documents\fax\OS1\LBOS\LBOS-FRI svn\Group3\project\Debug\msgtest.o
 .bss           0x20001d80        0x0 C:\Users\RaspeR\Documents\fax\OS1\LBOS\LBOS-FRI svn\Group3\project\Debug\iotest.o
 .bss           0x20001d80        0x0 C:\Users\RaspeR\Documents\fax\OS1\LBOS\LBOS-FRI svn\Group3\project\Debug\vmtest.o
 .bss           0x20001d80        0x0 C:\Users\RaspeR\Documents\fax\OS1\LBOS\LBOS-FRI svn\Group3\project\Debug\dlytest4.o
 .bss           0x20001d80        0x0 C:\Users\RaspeR\Documents\fax\OS1\LBOS\LBOS-FRI svn\Group3\project\Debug\dlytest1.o
 .bss           0x20001d80        0x0 C:\Users\RaspeR\Documents\fax\OS1\LBOS\LBOS-FRI svn\Group3\project\Debug\dlytest2.o
 .bss           0x20001d80        0x0 C:\Users\RaspeR\Documents\fax\OS1\LBOS\LBOS-FRI svn\Group3\project\Debug\dlytest3.o

.data           0x20080000      0xfe4
 *(.data)
 .data          0x20080000        0x0 C:\Users\RaspeR\Documents\fax\OS1\LBOS\LBOS-FRI svn\Group3\project\Debug\irq.o
 .data          0x20080000      0x5b4 C:\Users\RaspeR\Documents\fax\OS1\LBOS\LBOS-FRI svn\Group3\project\Debug\main.o
                0x20080034                TASK2
                0x20080014                TASK1
                0x20080008                TCBLIST
                0x2008026c                CDLYTCB
                0x2008046c                STACK_SUPM_END
                0x20080468                PAGEOFFSET
                0x20080004                TINDEX
                0x20080114                TASKTAB
                0x2008021c                DLYLIST
                0x20080134                MCBAREA
                0x20080054                TASK3
                0x20080288                PAGEBITMAP
                0x20080010                MCBLIST
                0x2008000c                CURRENT
 .data          0x200805b4       0x28 C:\Users\RaspeR\Documents\fax\OS1\LBOS\LBOS-FRI svn\Group3\project\Debug\syscall.o
 .data          0x200805dc        0x0 C:\Users\RaspeR\Documents\fax\OS1\LBOS\LBOS-FRI svn\Group3\project\Debug\vectors.o
 .data          0x200805dc        0x0 C:\Users\RaspeR\Documents\fax\OS1\LBOS\LBOS-FRI svn\Group3\project\Debug\sched.o
 .data          0x200805dc      0x604 C:\Users\RaspeR\Documents\fax\OS1\LBOS\LBOS-FRI svn\Group3\project\Debug\printk.o
 .data          0x20080be0        0x0 C:\Users\RaspeR\Documents\fax\OS1\LBOS\LBOS-FRI svn\Group3\project\Debug\timers.o
 .data          0x20080be0       0xf1 C:\Users\RaspeR\Documents\fax\OS1\LBOS\LBOS-FRI svn\Group3\project\Debug\debugger.o
 *fill*         0x20080cd1        0x3 00
 .data          0x20080cd4        0x4 C:\Users\RaspeR\Documents\fax\OS1\LBOS\LBOS-FRI svn\Group3\project\Debug\memory.o
 .data          0x20080cd8       0xe4 C:\Users\RaspeR\Documents\fax\OS1\LBOS\LBOS-FRI svn\Group3\project\Debug\mmc.o
 .data          0x20080dbc       0x90 C:\Users\RaspeR\Documents\fax\OS1\LBOS\LBOS-FRI svn\Group3\project\Debug\io.o
 .data          0x20080e4c       0x18 C:\Users\RaspeR\Documents\fax\OS1\LBOS\LBOS-FRI svn\Group3\project\Debug\panic.o
 .data          0x20080e64        0x0 C:\Users\RaspeR\Documents\fax\OS1\LBOS\LBOS-FRI svn\Group3\project\Debug\vsprintf.o
 .data          0x20080e64        0x0 C:\Users\RaspeR\Documents\fax\OS1\LBOS\LBOS-FRI svn\Group3\project\Debug\string.o
 .data          0x20080e64      0x180 C:\Users\RaspeR\Documents\fax\OS1\LBOS\LBOS-FRI svn\Group3\project\Debug\vm.o
 .data          0x20080fe4        0x0 C:\Users\RaspeR\Documents\fax\OS1\LBOS\LBOS-FRI svn\Group3\project\Debug\svc_delay.o
 .data          0x20080fe4        0x0 C:\Users\RaspeR\Documents\fax\OS1\LBOS\LBOS-FRI svn\Group3\project\Debug\dummy.o
 .data          0x20080fe4        0x0 C:\Users\RaspeR\Documents\fax\OS1\LBOS\LBOS-FRI svn\Group3\project\Debug\msgtest.o
 .data          0x20080fe4        0x0 C:\Users\RaspeR\Documents\fax\OS1\LBOS\LBOS-FRI svn\Group3\project\Debug\iotest.o
 .data          0x20080fe4        0x0 C:\Users\RaspeR\Documents\fax\OS1\LBOS\LBOS-FRI svn\Group3\project\Debug\vmtest.o
 .data          0x20080fe4        0x0 C:\Users\RaspeR\Documents\fax\OS1\LBOS\LBOS-FRI svn\Group3\project\Debug\dlytest4.o
 .data          0x20080fe4        0x0 C:\Users\RaspeR\Documents\fax\OS1\LBOS\LBOS-FRI svn\Group3\project\Debug\dlytest1.o
 .data          0x20080fe4        0x0 C:\Users\RaspeR\Documents\fax\OS1\LBOS\LBOS-FRI svn\Group3\project\Debug\dlytest2.o
 .data          0x20080fe4        0x0 C:\Users\RaspeR\Documents\fax\OS1\LBOS\LBOS-FRI svn\Group3\project\Debug\dlytest3.o
 *(.data.*)
                0x20080fe4                . = ALIGN (0x4)
                0x20080fe4                __DATA_END__ = .

.task1          0x30000000       0x4e load address 0x20200000
 *dummy.o(task_code)
 task_code      0x30000000       0x48 C:\Users\RaspeR\Documents\fax\OS1\LBOS\LBOS-FRI svn\Group3\project\Debug\dummy.o
 *dummy.o(task_data)
 task_data      0x30000048        0x6 C:\Users\RaspeR\Documents\fax\OS1\LBOS\LBOS-FRI svn\Group3\project\Debug\dummy.o

.task2          0x30000000       0x54 load address 0x20240000
 *msgtest.o(task_code)
 task_code      0x30000000       0x54 C:\Users\RaspeR\Documents\fax\OS1\LBOS\LBOS-FRI svn\Group3\project\Debug\msgtest.o
 *msgtest.o(task_data)
 task_data      0x30000054        0x0 C:\Users\RaspeR\Documents\fax\OS1\LBOS\LBOS-FRI svn\Group3\project\Debug\msgtest.o

.task3          0x30000000      0x838 load address 0x20280000
 *iotest.o(task_code)
 task_code      0x30000000       0x38 C:\Users\RaspeR\Documents\fax\OS1\LBOS\LBOS-FRI svn\Group3\project\Debug\iotest.o
 *iotest.o(task_data)
 task_data      0x30000038      0x800 C:\Users\RaspeR\Documents\fax\OS1\LBOS\LBOS-FRI svn\Group3\project\Debug\iotest.o

.task4          0x30000000       0x18 load address 0x202c0000
 *vmtest.o(task_code)
 task_code      0x30000000       0x18 C:\Users\RaspeR\Documents\fax\OS1\LBOS\LBOS-FRI svn\Group3\project\Debug\vmtest.o
 *vmtest.o(task_data)
 task_data      0x30000018        0x0 C:\Users\RaspeR\Documents\fax\OS1\LBOS\LBOS-FRI svn\Group3\project\Debug\vmtest.o

.task5          0x30000000       0x28 load address 0x20300000
 *dlytest1.o(task_code)
 task_code      0x30000000       0x28 C:\Users\RaspeR\Documents\fax\OS1\LBOS\LBOS-FRI svn\Group3\project\Debug\dlytest1.o
 *dlytest1.o(task_data)

.task6          0x30000000       0x28 load address 0x20340000
 *dlytest2.o(task_code)
 task_code      0x30000000       0x28 C:\Users\RaspeR\Documents\fax\OS1\LBOS\LBOS-FRI svn\Group3\project\Debug\dlytest2.o
 *dlytest2.o(task_data)

.task7          0x30000000       0x28 load address 0x20380000
 *dlytest3.o(task_code)
 task_code      0x30000000       0x28 C:\Users\RaspeR\Documents\fax\OS1\LBOS\LBOS-FRI svn\Group3\project\Debug\dlytest3.o
 *dlytest3.o(task_data)

.task8          0x30000000       0x28 load address 0x203c0000
 *dlytest4.o(task_code)
 task_code      0x30000000       0x28 C:\Users\RaspeR\Documents\fax\OS1\LBOS\LBOS-FRI svn\Group3\project\Debug\dlytest4.o
 *dlytest4.o(task_data)
                0x20200000                _task1_paddr = LOADADDR (.task1)
                0x20240000                _task2_paddr = LOADADDR (.task2)
                0x20280000                _task3_paddr = LOADADDR (.task3)
                0x202c0000                _task4_paddr = LOADADDR (.task4)
                0x20300000                _task5_paddr = LOADADDR (.task5)
                0x20340000                _task6_paddr = LOADADDR (.task6)
                0x20380000                _task7_paddr = LOADADDR (.task7)
                0x203c0000                _task8_paddr = LOADADDR (.task8)
                0x20400000                . = (LOADADDR (.task8) + 0x40000)
                0x20400000                __PAGE_OFFSET__ = .
                0x20400000                PROVIDE (end, .)
START GROUP
LOAD c:/winidea/2009/gcc/arm/bin/../lib/gcc/arm-elf/4.2.2\libgcc.a
LOAD c:/winidea/2009/gcc/arm/bin/../lib/gcc/arm-elf/4.2.2/../../../../arm-elf/lib\libc.a
END GROUP
OUTPUT(lbos-fri.elf elf32-littlearm)

.ARM.attributes
                0x00000000       0x10
 .ARM.attributes
                0x00000000       0x10 C:\Users\RaspeR\Documents\fax\OS1\LBOS\LBOS-FRI svn\Group3\project\Debug\irq.o
 .ARM.attributes
                0x00000010       0x10 C:\Users\RaspeR\Documents\fax\OS1\LBOS\LBOS-FRI svn\Group3\project\Debug\main.o
 .ARM.attributes
                0x00000020       0x10 C:\Users\RaspeR\Documents\fax\OS1\LBOS\LBOS-FRI svn\Group3\project\Debug\syscall.o
 .ARM.attributes
                0x00000030       0x10 C:\Users\RaspeR\Documents\fax\OS1\LBOS\LBOS-FRI svn\Group3\project\Debug\vectors.o
 .ARM.attributes
                0x00000040       0x10 C:\Users\RaspeR\Documents\fax\OS1\LBOS\LBOS-FRI svn\Group3\project\Debug\sched.o
 .ARM.attributes
                0x00000050       0x10 C:\Users\RaspeR\Documents\fax\OS1\LBOS\LBOS-FRI svn\Group3\project\Debug\printk.o
 .ARM.attributes
                0x00000060       0x10 C:\Users\RaspeR\Documents\fax\OS1\LBOS\LBOS-FRI svn\Group3\project\Debug\timers.o
 .ARM.attributes
                0x00000070       0x10 C:\Users\RaspeR\Documents\fax\OS1\LBOS\LBOS-FRI svn\Group3\project\Debug\debugger.o
 .ARM.attributes
                0x00000080       0x10 C:\Users\RaspeR\Documents\fax\OS1\LBOS\LBOS-FRI svn\Group3\project\Debug\memory.o
 .ARM.attributes
                0x00000090       0x10 C:\Users\RaspeR\Documents\fax\OS1\LBOS\LBOS-FRI svn\Group3\project\Debug\mmc.o
 .ARM.attributes
                0x000000a0       0x10 C:\Users\RaspeR\Documents\fax\OS1\LBOS\LBOS-FRI svn\Group3\project\Debug\io.o
 .ARM.attributes
                0x000000b0       0x10 C:\Users\RaspeR\Documents\fax\OS1\LBOS\LBOS-FRI svn\Group3\project\Debug\panic.o
 .ARM.attributes
                0x000000c0       0x10 C:\Users\RaspeR\Documents\fax\OS1\LBOS\LBOS-FRI svn\Group3\project\Debug\vsprintf.o
 .ARM.attributes
                0x000000d0       0x10 C:\Users\RaspeR\Documents\fax\OS1\LBOS\LBOS-FRI svn\Group3\project\Debug\string.o
 .ARM.attributes
                0x000000e0       0x10 C:\Users\RaspeR\Documents\fax\OS1\LBOS\LBOS-FRI svn\Group3\project\Debug\vm.o
 .ARM.attributes
                0x000000f0       0x10 C:\Users\RaspeR\Documents\fax\OS1\LBOS\LBOS-FRI svn\Group3\project\Debug\svc_delay.o
 .ARM.attributes
                0x00000100       0x10 C:\Users\RaspeR\Documents\fax\OS1\LBOS\LBOS-FRI svn\Group3\project\Debug\dummy.o
 .ARM.attributes
                0x00000110       0x10 C:\Users\RaspeR\Documents\fax\OS1\LBOS\LBOS-FRI svn\Group3\project\Debug\msgtest.o
 .ARM.attributes
                0x00000120       0x10 C:\Users\RaspeR\Documents\fax\OS1\LBOS\LBOS-FRI svn\Group3\project\Debug\iotest.o
 .ARM.attributes
                0x00000130       0x10 C:\Users\RaspeR\Documents\fax\OS1\LBOS\LBOS-FRI svn\Group3\project\Debug\vmtest.o
 .ARM.attributes
                0x00000140       0x10 C:\Users\RaspeR\Documents\fax\OS1\LBOS\LBOS-FRI svn\Group3\project\Debug\dlytest4.o
 .ARM.attributes
                0x00000150       0x10 C:\Users\RaspeR\Documents\fax\OS1\LBOS\LBOS-FRI svn\Group3\project\Debug\dlytest1.o
 .ARM.attributes
                0x00000160       0x10 C:\Users\RaspeR\Documents\fax\OS1\LBOS\LBOS-FRI svn\Group3\project\Debug\dlytest2.o
 .ARM.attributes
                0x00000170       0x10 C:\Users\RaspeR\Documents\fax\OS1\LBOS\LBOS-FRI svn\Group3\project\Debug\dlytest3.o

.debug_line     0x00000000     0x1288
 .debug_line    0x00000000       0x93 C:\Users\RaspeR\Documents\fax\OS1\LBOS\LBOS-FRI svn\Group3\project\Debug\irq.o
 .debug_line    0x00000093      0x172 C:\Users\RaspeR\Documents\fax\OS1\LBOS\LBOS-FRI svn\Group3\project\Debug\main.o
 .debug_line    0x00000205      0x118 C:\Users\RaspeR\Documents\fax\OS1\LBOS\LBOS-FRI svn\Group3\project\Debug\syscall.o
 .debug_line    0x0000031d       0x7f C:\Users\RaspeR\Documents\fax\OS1\LBOS\LBOS-FRI svn\Group3\project\Debug\vectors.o
 .debug_line    0x0000039c       0x90 C:\Users\RaspeR\Documents\fax\OS1\LBOS\LBOS-FRI svn\Group3\project\Debug\sched.o
 .debug_line    0x0000042c       0x8c C:\Users\RaspeR\Documents\fax\OS1\LBOS\LBOS-FRI svn\Group3\project\Debug\printk.o
 .debug_line    0x000004b8       0x82 C:\Users\RaspeR\Documents\fax\OS1\LBOS\LBOS-FRI svn\Group3\project\Debug\timers.o
 .debug_line    0x0000053a       0xa8 C:\Users\RaspeR\Documents\fax\OS1\LBOS\LBOS-FRI svn\Group3\project\Debug\debugger.o
 .debug_line    0x000005e2       0xec C:\Users\RaspeR\Documents\fax\OS1\LBOS\LBOS-FRI svn\Group3\project\Debug\memory.o
 .debug_line    0x000006ce      0x231 C:\Users\RaspeR\Documents\fax\OS1\LBOS\LBOS-FRI svn\Group3\project\Debug\mmc.o
 .debug_line    0x000008ff       0xeb C:\Users\RaspeR\Documents\fax\OS1\LBOS\LBOS-FRI svn\Group3\project\Debug\io.o
 .debug_line    0x000009ea       0x7a C:\Users\RaspeR\Documents\fax\OS1\LBOS\LBOS-FRI svn\Group3\project\Debug\panic.o
 .debug_line    0x00000a64       0xc8 C:\Users\RaspeR\Documents\fax\OS1\LBOS\LBOS-FRI svn\Group3\project\Debug\vsprintf.o
 .debug_line    0x00000b2c       0x9a C:\Users\RaspeR\Documents\fax\OS1\LBOS\LBOS-FRI svn\Group3\project\Debug\string.o
 .debug_line    0x00000bc6      0x1a5 C:\Users\RaspeR\Documents\fax\OS1\LBOS\LBOS-FRI svn\Group3\project\Debug\vm.o
 .debug_line    0x00000d6b       0xd4 C:\Users\RaspeR\Documents\fax\OS1\LBOS\LBOS-FRI svn\Group3\project\Debug\svc_delay.o
 .debug_line    0x00000e3f       0x8d C:\Users\RaspeR\Documents\fax\OS1\LBOS\LBOS-FRI svn\Group3\project\Debug\dummy.o
 .debug_line    0x00000ecc       0x92 C:\Users\RaspeR\Documents\fax\OS1\LBOS\LBOS-FRI svn\Group3\project\Debug\msgtest.o
 .debug_line    0x00000f5e       0x88 C:\Users\RaspeR\Documents\fax\OS1\LBOS\LBOS-FRI svn\Group3\project\Debug\iotest.o
 .debug_line    0x00000fe6       0x82 C:\Users\RaspeR\Documents\fax\OS1\LBOS\LBOS-FRI svn\Group3\project\Debug\vmtest.o
 .debug_line    0x00001068       0x88 C:\Users\RaspeR\Documents\fax\OS1\LBOS\LBOS-FRI svn\Group3\project\Debug\dlytest4.o
 .debug_line    0x000010f0       0x88 C:\Users\RaspeR\Documents\fax\OS1\LBOS\LBOS-FRI svn\Group3\project\Debug\dlytest1.o
 .debug_line    0x00001178       0x88 C:\Users\RaspeR\Documents\fax\OS1\LBOS\LBOS-FRI svn\Group3\project\Debug\dlytest2.o
 .debug_line    0x00001200       0x88 C:\Users\RaspeR\Documents\fax\OS1\LBOS\LBOS-FRI svn\Group3\project\Debug\dlytest3.o

.debug_info     0x00000000     0x1097
 .debug_info    0x00000000       0xaa C:\Users\RaspeR\Documents\fax\OS1\LBOS\LBOS-FRI svn\Group3\project\Debug\irq.o
 .debug_info    0x000000aa       0xab C:\Users\RaspeR\Documents\fax\OS1\LBOS\LBOS-FRI svn\Group3\project\Debug\main.o
 .debug_info    0x00000155       0xae C:\Users\RaspeR\Documents\fax\OS1\LBOS\LBOS-FRI svn\Group3\project\Debug\syscall.o
 .debug_info    0x00000203       0xae C:\Users\RaspeR\Documents\fax\OS1\LBOS\LBOS-FRI svn\Group3\project\Debug\vectors.o
 .debug_info    0x000002b1       0xac C:\Users\RaspeR\Documents\fax\OS1\LBOS\LBOS-FRI svn\Group3\project\Debug\sched.o
 .debug_info    0x0000035d       0xad C:\Users\RaspeR\Documents\fax\OS1\LBOS\LBOS-FRI svn\Group3\project\Debug\printk.o
 .debug_info    0x0000040a       0xad C:\Users\RaspeR\Documents\fax\OS1\LBOS\LBOS-FRI svn\Group3\project\Debug\timers.o
 .debug_info    0x000004b7       0xaf C:\Users\RaspeR\Documents\fax\OS1\LBOS\LBOS-FRI svn\Group3\project\Debug\debugger.o
 .debug_info    0x00000566       0xad C:\Users\RaspeR\Documents\fax\OS1\LBOS\LBOS-FRI svn\Group3\project\Debug\memory.o
 .debug_info    0x00000613       0xaa C:\Users\RaspeR\Documents\fax\OS1\LBOS\LBOS-FRI svn\Group3\project\Debug\mmc.o
 .debug_info    0x000006bd       0xa9 C:\Users\RaspeR\Documents\fax\OS1\LBOS\LBOS-FRI svn\Group3\project\Debug\io.o
 .debug_info    0x00000766       0xac C:\Users\RaspeR\Documents\fax\OS1\LBOS\LBOS-FRI svn\Group3\project\Debug\panic.o
 .debug_info    0x00000812       0xaf C:\Users\RaspeR\Documents\fax\OS1\LBOS\LBOS-FRI svn\Group3\project\Debug\vsprintf.o
 .debug_info    0x000008c1       0xad C:\Users\RaspeR\Documents\fax\OS1\LBOS\LBOS-FRI svn\Group3\project\Debug\string.o
 .debug_info    0x0000096e       0xa9 C:\Users\RaspeR\Documents\fax\OS1\LBOS\LBOS-FRI svn\Group3\project\Debug\vm.o
 .debug_info    0x00000a17       0xb0 C:\Users\RaspeR\Documents\fax\OS1\LBOS\LBOS-FRI svn\Group3\project\Debug\svc_delay.o
 .debug_info    0x00000ac7       0xb8 C:\Users\RaspeR\Documents\fax\OS1\LBOS\LBOS-FRI svn\Group3\project\Debug\dummy.o
 .debug_info    0x00000b7f       0xba C:\Users\RaspeR\Documents\fax\OS1\LBOS\LBOS-FRI svn\Group3\project\Debug\msgtest.o
 .debug_info    0x00000c39       0xb9 C:\Users\RaspeR\Documents\fax\OS1\LBOS\LBOS-FRI svn\Group3\project\Debug\iotest.o
 .debug_info    0x00000cf2       0xb9 C:\Users\RaspeR\Documents\fax\OS1\LBOS\LBOS-FRI svn\Group3\project\Debug\vmtest.o
 .debug_info    0x00000dab       0xbb C:\Users\RaspeR\Documents\fax\OS1\LBOS\LBOS-FRI svn\Group3\project\Debug\dlytest4.o
 .debug_info    0x00000e66       0xbb C:\Users\RaspeR\Documents\fax\OS1\LBOS\LBOS-FRI svn\Group3\project\Debug\dlytest1.o
 .debug_info    0x00000f21       0xbb C:\Users\RaspeR\Documents\fax\OS1\LBOS\LBOS-FRI svn\Group3\project\Debug\dlytest2.o
 .debug_info    0x00000fdc       0xbb C:\Users\RaspeR\Documents\fax\OS1\LBOS\LBOS-FRI svn\Group3\project\Debug\dlytest3.o

.debug_abbrev   0x00000000      0x1e0
 .debug_abbrev  0x00000000       0x14 C:\Users\RaspeR\Documents\fax\OS1\LBOS\LBOS-FRI svn\Group3\project\Debug\irq.o
 .debug_abbrev  0x00000014       0x14 C:\Users\RaspeR\Documents\fax\OS1\LBOS\LBOS-FRI svn\Group3\project\Debug\main.o
 .debug_abbrev  0x00000028       0x14 C:\Users\RaspeR\Documents\fax\OS1\LBOS\LBOS-FRI svn\Group3\project\Debug\syscall.o
 .debug_abbrev  0x0000003c       0x14 C:\Users\RaspeR\Documents\fax\OS1\LBOS\LBOS-FRI svn\Group3\project\Debug\vectors.o
 .debug_abbrev  0x00000050       0x14 C:\Users\RaspeR\Documents\fax\OS1\LBOS\LBOS-FRI svn\Group3\project\Debug\sched.o
 .debug_abbrev  0x00000064       0x14 C:\Users\RaspeR\Documents\fax\OS1\LBOS\LBOS-FRI svn\Group3\project\Debug\printk.o
 .debug_abbrev  0x00000078       0x14 C:\Users\RaspeR\Documents\fax\OS1\LBOS\LBOS-FRI svn\Group3\project\Debug\timers.o
 .debug_abbrev  0x0000008c       0x14 C:\Users\RaspeR\Documents\fax\OS1\LBOS\LBOS-FRI svn\Group3\project\Debug\debugger.o
 .debug_abbrev  0x000000a0       0x14 C:\Users\RaspeR\Documents\fax\OS1\LBOS\LBOS-FRI svn\Group3\project\Debug\memory.o
 .debug_abbrev  0x000000b4       0x14 C:\Users\RaspeR\Documents\fax\OS1\LBOS\LBOS-FRI svn\Group3\project\Debug\mmc.o
 .debug_abbrev  0x000000c8       0x14 C:\Users\RaspeR\Documents\fax\OS1\LBOS\LBOS-FRI svn\Group3\project\Debug\io.o
 .debug_abbrev  0x000000dc       0x14 C:\Users\RaspeR\Documents\fax\OS1\LBOS\LBOS-FRI svn\Group3\project\Debug\panic.o
 .debug_abbrev  0x000000f0       0x14 C:\Users\RaspeR\Documents\fax\OS1\LBOS\LBOS-FRI svn\Group3\project\Debug\vsprintf.o
 .debug_abbrev  0x00000104       0x14 C:\Users\RaspeR\Documents\fax\OS1\LBOS\LBOS-FRI svn\Group3\project\Debug\string.o
 .debug_abbrev  0x00000118       0x14 C:\Users\RaspeR\Documents\fax\OS1\LBOS\LBOS-FRI svn\Group3\project\Debug\vm.o
 .debug_abbrev  0x0000012c       0x14 C:\Users\RaspeR\Documents\fax\OS1\LBOS\LBOS-FRI svn\Group3\project\Debug\svc_delay.o
 .debug_abbrev  0x00000140       0x14 C:\Users\RaspeR\Documents\fax\OS1\LBOS\LBOS-FRI svn\Group3\project\Debug\dummy.o
 .debug_abbrev  0x00000154       0x14 C:\Users\RaspeR\Documents\fax\OS1\LBOS\LBOS-FRI svn\Group3\project\Debug\msgtest.o
 .debug_abbrev  0x00000168       0x14 C:\Users\RaspeR\Documents\fax\OS1\LBOS\LBOS-FRI svn\Group3\project\Debug\iotest.o
 .debug_abbrev  0x0000017c       0x14 C:\Users\RaspeR\Documents\fax\OS1\LBOS\LBOS-FRI svn\Group3\project\Debug\vmtest.o
 .debug_abbrev  0x00000190       0x14 C:\Users\RaspeR\Documents\fax\OS1\LBOS\LBOS-FRI svn\Group3\project\Debug\dlytest4.o
 .debug_abbrev  0x000001a4       0x14 C:\Users\RaspeR\Documents\fax\OS1\LBOS\LBOS-FRI svn\Group3\project\Debug\dlytest1.o
 .debug_abbrev  0x000001b8       0x14 C:\Users\RaspeR\Documents\fax\OS1\LBOS\LBOS-FRI svn\Group3\project\Debug\dlytest2.o
 .debug_abbrev  0x000001cc       0x14 C:\Users\RaspeR\Documents\fax\OS1\LBOS\LBOS-FRI svn\Group3\project\Debug\dlytest3.o

.debug_aranges  0x00000000      0x300
 .debug_aranges
                0x00000000       0x20 C:\Users\RaspeR\Documents\fax\OS1\LBOS\LBOS-FRI svn\Group3\project\Debug\irq.o
 .debug_aranges
                0x00000020       0x20 C:\Users\RaspeR\Documents\fax\OS1\LBOS\LBOS-FRI svn\Group3\project\Debug\main.o
 .debug_aranges
                0x00000040       0x20 C:\Users\RaspeR\Documents\fax\OS1\LBOS\LBOS-FRI svn\Group3\project\Debug\syscall.o
 .debug_aranges
                0x00000060       0x20 C:\Users\RaspeR\Documents\fax\OS1\LBOS\LBOS-FRI svn\Group3\project\Debug\vectors.o
 .debug_aranges
                0x00000080       0x20 C:\Users\RaspeR\Documents\fax\OS1\LBOS\LBOS-FRI svn\Group3\project\Debug\sched.o
 .debug_aranges
                0x000000a0       0x20 C:\Users\RaspeR\Documents\fax\OS1\LBOS\LBOS-FRI svn\Group3\project\Debug\printk.o
 .debug_aranges
                0x000000c0       0x20 C:\Users\RaspeR\Documents\fax\OS1\LBOS\LBOS-FRI svn\Group3\project\Debug\timers.o
 .debug_aranges
                0x000000e0       0x20 C:\Users\RaspeR\Documents\fax\OS1\LBOS\LBOS-FRI svn\Group3\project\Debug\debugger.o
 .debug_aranges
                0x00000100       0x20 C:\Users\RaspeR\Documents\fax\OS1\LBOS\LBOS-FRI svn\Group3\project\Debug\memory.o
 .debug_aranges
                0x00000120       0x20 C:\Users\RaspeR\Documents\fax\OS1\LBOS\LBOS-FRI svn\Group3\project\Debug\mmc.o
 .debug_aranges
                0x00000140       0x20 C:\Users\RaspeR\Documents\fax\OS1\LBOS\LBOS-FRI svn\Group3\project\Debug\io.o
 .debug_aranges
                0x00000160       0x20 C:\Users\RaspeR\Documents\fax\OS1\LBOS\LBOS-FRI svn\Group3\project\Debug\panic.o
 .debug_aranges
                0x00000180       0x20 C:\Users\RaspeR\Documents\fax\OS1\LBOS\LBOS-FRI svn\Group3\project\Debug\vsprintf.o
 .debug_aranges
                0x000001a0       0x20 C:\Users\RaspeR\Documents\fax\OS1\LBOS\LBOS-FRI svn\Group3\project\Debug\string.o
 .debug_aranges
                0x000001c0       0x20 C:\Users\RaspeR\Documents\fax\OS1\LBOS\LBOS-FRI svn\Group3\project\Debug\vm.o
 .debug_aranges
                0x000001e0       0x20 C:\Users\RaspeR\Documents\fax\OS1\LBOS\LBOS-FRI svn\Group3\project\Debug\svc_delay.o
 .debug_aranges
                0x00000200       0x20 C:\Users\RaspeR\Documents\fax\OS1\LBOS\LBOS-FRI svn\Group3\project\Debug\dummy.o
 .debug_aranges
                0x00000220       0x20 C:\Users\RaspeR\Documents\fax\OS1\LBOS\LBOS-FRI svn\Group3\project\Debug\msgtest.o
 .debug_aranges
                0x00000240       0x20 C:\Users\RaspeR\Documents\fax\OS1\LBOS\LBOS-FRI svn\Group3\project\Debug\iotest.o
 .debug_aranges
                0x00000260       0x20 C:\Users\RaspeR\Documents\fax\OS1\LBOS\LBOS-FRI svn\Group3\project\Debug\vmtest.o
 .debug_aranges
                0x00000280       0x20 C:\Users\RaspeR\Documents\fax\OS1\LBOS\LBOS-FRI svn\Group3\project\Debug\dlytest4.o
 .debug_aranges
                0x000002a0       0x20 C:\Users\RaspeR\Documents\fax\OS1\LBOS\LBOS-FRI svn\Group3\project\Debug\dlytest1.o
 .debug_aranges
                0x000002c0       0x20 C:\Users\RaspeR\Documents\fax\OS1\LBOS\LBOS-FRI svn\Group3\project\Debug\dlytest2.o
 .debug_aranges
                0x000002e0       0x20 C:\Users\RaspeR\Documents\fax\OS1\LBOS\LBOS-FRI svn\Group3\project\Debug\dlytest3.o
